[    0.000000] Linux version 5.4.0-52-generic (buildd@lgw01-amd64-060) (gcc version 9.3.0 (Ubuntu 9.3.0-17ubuntu1~20.04)) #57-Ubuntu SMP Thu Oct 15 10:57:00 UTC 2020 (Ubuntu 5.4.0-52.57-generic 5.4.65)
[    0.000000] Command line: BOOT_IMAGE=/boot/vmlinuz-5.4.0-52-generic root=UUID=2a46d80d-e4f2-443b-8d90-151c12c79010 ro find_preseed=/preseed.cfg auto noprompt priority=critical locale=en_US quiet
[    0.000000] KERNEL supported cpus:
[    0.000000]   Intel GenuineIntel
[    0.000000]   AMD AuthenticAMD
[    0.000000]   Hygon HygonGenuine
[    0.000000]   Centaur CentaurHauls
[    0.000000]   zhaoxin   Shanghai  
[    0.000000] Disabled fast string operations
[    0.000000] x86/fpu: Supporting XSAVE feature 0x001: 'x87 floating point registers'
[    0.000000] x86/fpu: Supporting XSAVE feature 0x002: 'SSE registers'
[    0.000000] x86/fpu: Supporting XSAVE feature 0x004: 'AVX registers'
[    0.000000] x86/fpu: xstate_offset[2]:  576, xstate_sizes[2]:  256
[    0.000000] x86/fpu: Enabled xstate features 0x7, context size is 832 bytes, using 'compacted' format.
[    0.000000] BIOS-provided physical RAM map:
[    0.000000] BIOS-e820: [mem 0x0000000000000000-0x000000000009e7ff] usable
[    0.000000] BIOS-e820: [mem 0x000000000009e800-0x000000000009ffff] reserved
[    0.000000] BIOS-e820: [mem 0x00000000000dc000-0x00000000000fffff] reserved
[    0.000000] BIOS-e820: [mem 0x0000000000100000-0x00000000bfecffff] usable
[    0.000000] BIOS-e820: [mem 0x00000000bfed0000-0x00000000bfefefff] ACPI data
[    0.000000] BIOS-e820: [mem 0x00000000bfeff000-0x00000000bfefffff] ACPI NVS
[    0.000000] BIOS-e820: [mem 0x00000000bff00000-0x00000000bfffffff] usable
[    0.000000] BIOS-e820: [mem 0x00000000f0000000-0x00000000f7ffffff] reserved
[    0.000000] BIOS-e820: [mem 0x00000000fec00000-0x00000000fec0ffff] reserved
[    0.000000] BIOS-e820: [mem 0x00000000fee00000-0x00000000fee00fff] reserved
[    0.000000] BIOS-e820: [mem 0x00000000fffe0000-0x00000000ffffffff] reserved
[    0.000000] BIOS-e820: [mem 0x0000000100000000-0x000000013fffffff] usable
[    0.000000] NX (Execute Disable) protection: active
[    0.000000] SMBIOS 2.7 present.
[    0.000000] DMI: VMware, Inc. VMware Virtual Platform/440BX Desktop Reference Platform, BIOS 6.00 07/22/2020
[    0.000000] vmware: hypercall mode: 0x02
[    0.000000] Hypervisor detected: VMware
[    0.000000] vmware: TSC freq read from hypervisor : 2304.000 MHz
[    0.000000] vmware: Host bus clock speed read from hypervisor : 66000000 Hz
[    0.000000] vmware: using sched offset of 18265406120 ns
[    0.000001] tsc: Detected 2304.000 MHz processor
[    0.003507] e820: update [mem 0x00000000-0x00000fff] usable ==> reserved
[    0.003509] e820: remove [mem 0x000a0000-0x000fffff] usable
[    0.003512] last_pfn = 0x140000 max_arch_pfn = 0x400000000
[    0.003525] MTRR default type: uncachable
[    0.003525] MTRR fixed ranges enabled:
[    0.003526]   00000-9FFFF write-back
[    0.003526]   A0000-BFFFF uncachable
[    0.003527]   C0000-CFFFF write-protect
[    0.003527]   D0000-EFFFF uncachable
[    0.003528]   F0000-FFFFF write-protect
[    0.003528] MTRR variable ranges enabled:
[    0.003529]   0 base 000000000000 mask 1FE000000000 write-back
[    0.003530]   1 base 0000C0000000 mask 1FFFC0000000 uncachable
[    0.003531]   2 disabled
[    0.003531]   3 disabled
[    0.003531]   4 disabled
[    0.003531]   5 disabled
[    0.003532]   6 disabled
[    0.003532]   7 disabled
[    0.003542] x86/PAT: Configuration [0-7]: WB  WC  UC- UC  WB  WP  UC- WT  
[    0.003552] total RAM covered: 130048M
[    0.003930] Found optimal setting for mtrr clean up
[    0.003930]  gran_size: 64K 	chunk_size: 64K 	num_reg: 7  	lose cover RAM: 0G
[    0.003965] e820: update [mem 0xc0000000-0xffffffff] usable ==> reserved
[    0.003970] last_pfn = 0xc0000 max_arch_pfn = 0x400000000
[    0.011148] found SMP MP-table at [mem 0x000f6a70-0x000f6a7f]
[    0.011216] check: Scanning 1 areas for low memory corruption
[    0.011253] Using GB pages for direct mapping
[    0.011453] RAMDISK: [mem 0x3216b000-0x350acfff]
[    0.011481] ACPI: Early table checksum verification disabled
[    0.011485] ACPI: RSDP 0x00000000000F6A00 000024 (v02 PTLTD )
[    0.011488] ACPI: XSDT 0x00000000BFEDC633 00005C (v01 INTEL  440BX    06040000 VMW  01324272)
[    0.011492] ACPI: FACP 0x00000000BFEFEE73 0000F4 (v04 INTEL  440BX    06040000 PTL  000F4240)
[    0.011497] ACPI: DSDT 0x00000000BFEDD9E8 02148B (v01 PTLTD  Custom   06040000 MSFT 03000001)
[    0.011501] ACPI: FACS 0x00000000BFEFFFC0 000040
[    0.011503] ACPI: FACS 0x00000000BFEFFFC0 000040
[    0.011506] ACPI: BOOT 0x00000000BFEDD9C0 000028 (v01 PTLTD  $SBFTBL$ 06040000  LTP 00000001)
[    0.011508] ACPI: APIC 0x00000000BFEDD27E 000742 (v01 PTLTD  ? APIC   06040000  LTP 00000000)
[    0.011511] ACPI: MCFG 0x00000000BFEDD242 00003C (v01 PTLTD  $PCITBL$ 06040000  LTP 00000001)
[    0.011513] ACPI: SRAT 0x00000000BFEDC72F 0008D0 (v02 VMWARE MEMPLUG  06040000 VMW  00000001)
[    0.011516] ACPI: HPET 0x00000000BFEDC6F7 000038 (v01 VMWARE VMW HPET 06040000 VMW  00000001)
[    0.011518] ACPI: WAET 0x00000000BFEDC6CF 000028 (v01 VMWARE VMW WAET 06040000 VMW  00000001)
[    0.011526] ACPI: Local APIC address 0xfee00000
[    0.011534] system APIC only can use physical flat
[    0.011535] Setting APIC routing to physical flat.
[    0.011608] SRAT: PXM 0 -> APIC 0x00 -> Node 0
[    0.011609] SRAT: PXM 0 -> APIC 0x02 -> Node 0
[    0.011609] SRAT: PXM 0 -> APIC 0x04 -> Node 0
[    0.011610] SRAT: PXM 0 -> APIC 0x06 -> Node 0
[    0.011610] SRAT: PXM 0 -> APIC 0x08 -> Node 0
[    0.011610] SRAT: PXM 0 -> APIC 0x0a -> Node 0
[    0.011611] SRAT: PXM 0 -> APIC 0x0c -> Node 0
[    0.011611] SRAT: PXM 0 -> APIC 0x0e -> Node 0
[    0.011611] SRAT: PXM 0 -> APIC 0x10 -> Node 0
[    0.011612] SRAT: PXM 0 -> APIC 0x12 -> Node 0
[    0.011612] SRAT: PXM 0 -> APIC 0x14 -> Node 0
[    0.011612] SRAT: PXM 0 -> APIC 0x16 -> Node 0
[    0.011613] SRAT: PXM 0 -> APIC 0x18 -> Node 0
[    0.011613] SRAT: PXM 0 -> APIC 0x1a -> Node 0
[    0.011614] SRAT: PXM 0 -> APIC 0x1c -> Node 0
[    0.011614] SRAT: PXM 0 -> APIC 0x1e -> Node 0
[    0.011614] SRAT: PXM 0 -> APIC 0x20 -> Node 0
[    0.011615] SRAT: PXM 0 -> APIC 0x22 -> Node 0
[    0.011615] SRAT: PXM 0 -> APIC 0x24 -> Node 0
[    0.011615] SRAT: PXM 0 -> APIC 0x26 -> Node 0
[    0.011616] SRAT: PXM 0 -> APIC 0x28 -> Node 0
[    0.011616] SRAT: PXM 0 -> APIC 0x2a -> Node 0
[    0.011616] SRAT: PXM 0 -> APIC 0x2c -> Node 0
[    0.011617] SRAT: PXM 0 -> APIC 0x2e -> Node 0
[    0.011617] SRAT: PXM 0 -> APIC 0x30 -> Node 0
[    0.011617] SRAT: PXM 0 -> APIC 0x32 -> Node 0
[    0.011618] SRAT: PXM 0 -> APIC 0x34 -> Node 0
[    0.011618] SRAT: PXM 0 -> APIC 0x36 -> Node 0
[    0.011619] SRAT: PXM 0 -> APIC 0x38 -> Node 0
[    0.011619] SRAT: PXM 0 -> APIC 0x3a -> Node 0
[    0.011619] SRAT: PXM 0 -> APIC 0x3c -> Node 0
[    0.011620] SRAT: PXM 0 -> APIC 0x3e -> Node 0
[    0.011620] SRAT: PXM 0 -> APIC 0x40 -> Node 0
[    0.011620] SRAT: PXM 0 -> APIC 0x42 -> Node 0
[    0.011621] SRAT: PXM 0 -> APIC 0x44 -> Node 0
[    0.011621] SRAT: PXM 0 -> APIC 0x46 -> Node 0
[    0.011621] SRAT: PXM 0 -> APIC 0x48 -> Node 0
[    0.011622] SRAT: PXM 0 -> APIC 0x4a -> Node 0
[    0.011622] SRAT: PXM 0 -> APIC 0x4c -> Node 0
[    0.011622] SRAT: PXM 0 -> APIC 0x4e -> Node 0
[    0.011623] SRAT: PXM 0 -> APIC 0x50 -> Node 0
[    0.011623] SRAT: PXM 0 -> APIC 0x52 -> Node 0
[    0.011624] SRAT: PXM 0 -> APIC 0x54 -> Node 0
[    0.011624] SRAT: PXM 0 -> APIC 0x56 -> Node 0
[    0.011624] SRAT: PXM 0 -> APIC 0x58 -> Node 0
[    0.011625] SRAT: PXM 0 -> APIC 0x5a -> Node 0
[    0.011625] SRAT: PXM 0 -> APIC 0x5c -> Node 0
[    0.011625] SRAT: PXM 0 -> APIC 0x5e -> Node 0
[    0.011626] SRAT: PXM 0 -> APIC 0x60 -> Node 0
[    0.011626] SRAT: PXM 0 -> APIC 0x62 -> Node 0
[    0.011626] SRAT: PXM 0 -> APIC 0x64 -> Node 0
[    0.011627] SRAT: PXM 0 -> APIC 0x66 -> Node 0
[    0.011627] SRAT: PXM 0 -> APIC 0x68 -> Node 0
[    0.011627] SRAT: PXM 0 -> APIC 0x6a -> Node 0
[    0.011628] SRAT: PXM 0 -> APIC 0x6c -> Node 0
[    0.011628] SRAT: PXM 0 -> APIC 0x6e -> Node 0
[    0.011629] SRAT: PXM 0 -> APIC 0x70 -> Node 0
[    0.011629] SRAT: PXM 0 -> APIC 0x72 -> Node 0
[    0.011629] SRAT: PXM 0 -> APIC 0x74 -> Node 0
[    0.011630] SRAT: PXM 0 -> APIC 0x76 -> Node 0
[    0.011630] SRAT: PXM 0 -> APIC 0x78 -> Node 0
[    0.011630] SRAT: PXM 0 -> APIC 0x7a -> Node 0
[    0.011631] SRAT: PXM 0 -> APIC 0x7c -> Node 0
[    0.011631] SRAT: PXM 0 -> APIC 0x7e -> Node 0
[    0.011631] SRAT: PXM 0 -> APIC 0x80 -> Node 0
[    0.011632] SRAT: PXM 0 -> APIC 0x82 -> Node 0
[    0.011632] SRAT: PXM 0 -> APIC 0x84 -> Node 0
[    0.011632] SRAT: PXM 0 -> APIC 0x86 -> Node 0
[    0.011633] SRAT: PXM 0 -> APIC 0x88 -> Node 0
[    0.011633] SRAT: PXM 0 -> APIC 0x8a -> Node 0
[    0.011634] SRAT: PXM 0 -> APIC 0x8c -> Node 0
[    0.011634] SRAT: PXM 0 -> APIC 0x8e -> Node 0
[    0.011634] SRAT: PXM 0 -> APIC 0x90 -> Node 0
[    0.011635] SRAT: PXM 0 -> APIC 0x92 -> Node 0
[    0.011635] SRAT: PXM 0 -> APIC 0x94 -> Node 0
[    0.011635] SRAT: PXM 0 -> APIC 0x96 -> Node 0
[    0.011636] SRAT: PXM 0 -> APIC 0x98 -> Node 0
[    0.011636] SRAT: PXM 0 -> APIC 0x9a -> Node 0
[    0.011636] SRAT: PXM 0 -> APIC 0x9c -> Node 0
[    0.011637] SRAT: PXM 0 -> APIC 0x9e -> Node 0
[    0.011637] SRAT: PXM 0 -> APIC 0xa0 -> Node 0
[    0.011638] SRAT: PXM 0 -> APIC 0xa2 -> Node 0
[    0.011638] SRAT: PXM 0 -> APIC 0xa4 -> Node 0
[    0.011638] SRAT: PXM 0 -> APIC 0xa6 -> Node 0
[    0.011639] SRAT: PXM 0 -> APIC 0xa8 -> Node 0
[    0.011639] SRAT: PXM 0 -> APIC 0xaa -> Node 0
[    0.011639] SRAT: PXM 0 -> APIC 0xac -> Node 0
[    0.011640] SRAT: PXM 0 -> APIC 0xae -> Node 0
[    0.011640] SRAT: PXM 0 -> APIC 0xb0 -> Node 0
[    0.011640] SRAT: PXM 0 -> APIC 0xb2 -> Node 0
[    0.011641] SRAT: PXM 0 -> APIC 0xb4 -> Node 0
[    0.011641] SRAT: PXM 0 -> APIC 0xb6 -> Node 0
[    0.011641] SRAT: PXM 0 -> APIC 0xb8 -> Node 0
[    0.011642] SRAT: PXM 0 -> APIC 0xba -> Node 0
[    0.011642] SRAT: PXM 0 -> APIC 0xbc -> Node 0
[    0.011643] SRAT: PXM 0 -> APIC 0xbe -> Node 0
[    0.011643] SRAT: PXM 0 -> APIC 0xc0 -> Node 0
[    0.011643] SRAT: PXM 0 -> APIC 0xc2 -> Node 0
[    0.011644] SRAT: PXM 0 -> APIC 0xc4 -> Node 0
[    0.011644] SRAT: PXM 0 -> APIC 0xc6 -> Node 0
[    0.011644] SRAT: PXM 0 -> APIC 0xc8 -> Node 0
[    0.011645] SRAT: PXM 0 -> APIC 0xca -> Node 0
[    0.011645] SRAT: PXM 0 -> APIC 0xcc -> Node 0
[    0.011645] SRAT: PXM 0 -> APIC 0xce -> Node 0
[    0.011646] SRAT: PXM 0 -> APIC 0xd0 -> Node 0
[    0.011646] SRAT: PXM 0 -> APIC 0xd2 -> Node 0
[    0.011646] SRAT: PXM 0 -> APIC 0xd4 -> Node 0
[    0.011647] SRAT: PXM 0 -> APIC 0xd6 -> Node 0
[    0.011647] SRAT: PXM 0 -> APIC 0xd8 -> Node 0
[    0.011648] SRAT: PXM 0 -> APIC 0xda -> Node 0
[    0.011648] SRAT: PXM 0 -> APIC 0xdc -> Node 0
[    0.011648] SRAT: PXM 0 -> APIC 0xde -> Node 0
[    0.011649] SRAT: PXM 0 -> APIC 0xe0 -> Node 0
[    0.011649] SRAT: PXM 0 -> APIC 0xe2 -> Node 0
[    0.011649] SRAT: PXM 0 -> APIC 0xe4 -> Node 0
[    0.011650] SRAT: PXM 0 -> APIC 0xe6 -> Node 0
[    0.011650] SRAT: PXM 0 -> APIC 0xe8 -> Node 0
[    0.011650] SRAT: PXM 0 -> APIC 0xea -> Node 0
[    0.011651] SRAT: PXM 0 -> APIC 0xec -> Node 0
[    0.011651] SRAT: PXM 0 -> APIC 0xee -> Node 0
[    0.011651] SRAT: PXM 0 -> APIC 0xf0 -> Node 0
[    0.011652] SRAT: PXM 0 -> APIC 0xf2 -> Node 0
[    0.011652] SRAT: PXM 0 -> APIC 0xf4 -> Node 0
[    0.011653] SRAT: PXM 0 -> APIC 0xf6 -> Node 0
[    0.011653] SRAT: PXM 0 -> APIC 0xf8 -> Node 0
[    0.011653] SRAT: PXM 0 -> APIC 0xfa -> Node 0
[    0.011654] SRAT: PXM 0 -> APIC 0xfc -> Node 0
[    0.011654] SRAT: PXM 0 -> APIC 0xfe -> Node 0
[    0.011657] ACPI: SRAT: Node 0 PXM 0 [mem 0x00000000-0x0009ffff]
[    0.011657] ACPI: SRAT: Node 0 PXM 0 [mem 0x00100000-0xbfffffff]
[    0.011658] ACPI: SRAT: Node 0 PXM 0 [mem 0x100000000-0x13fffffff]
[    0.011659] ACPI: SRAT: Node 0 PXM 0 [mem 0x140000000-0x103fffffff] hotplug
[    0.011661] NUMA: Node 0 [mem 0x00000000-0x0009ffff] + [mem 0x00100000-0xbfffffff] -> [mem 0x00000000-0xbfffffff]
[    0.011662] NUMA: Node 0 [mem 0x00000000-0xbfffffff] + [mem 0x100000000-0x13fffffff] -> [mem 0x00000000-0x13fffffff]
[    0.011668] NODE_DATA(0) allocated [mem 0x13ffd3000-0x13fffdfff]
[    0.013023] Zone ranges:
[    0.013024]   DMA      [mem 0x0000000000001000-0x0000000000ffffff]
[    0.013025]   DMA32    [mem 0x0000000001000000-0x00000000ffffffff]
[    0.013025]   Normal   [mem 0x0000000100000000-0x000000013fffffff]
[    0.013026]   Device   empty
[    0.013026] Movable zone start for each node
[    0.013029] Early memory node ranges
[    0.013029]   node   0: [mem 0x0000000000001000-0x000000000009dfff]
[    0.013030]   node   0: [mem 0x0000000000100000-0x00000000bfecffff]
[    0.013030]   node   0: [mem 0x00000000bff00000-0x00000000bfffffff]
[    0.013031]   node   0: [mem 0x0000000100000000-0x000000013fffffff]
[    0.013134] Zeroed struct page in unavailable ranges: 147 pages
[    0.013135] Initmem setup node 0 [mem 0x0000000000001000-0x000000013fffffff]
[    0.013136] On node 0 totalpages: 1048429
[    0.013137]   DMA zone: 64 pages used for memmap
[    0.013137]   DMA zone: 21 pages reserved
[    0.013138]   DMA zone: 3997 pages, LIFO batch:0
[    0.014625]   DMA32 zone: 12224 pages used for memmap
[    0.014625]   DMA32 zone: 782288 pages, LIFO batch:63
[    0.332686]   Normal zone: 4096 pages used for memmap
[    0.332688]   Normal zone: 262144 pages, LIFO batch:63
[    0.442236] ACPI: PM-Timer IO Port: 0x1008
[    0.442239] ACPI: Local APIC address 0xfee00000
[    0.442242] system APIC only can use physical flat
[    0.442253] ACPI: LAPIC_NMI (acpi_id[0x00] high edge lint[0x1])
[    0.442254] ACPI: LAPIC_NMI (acpi_id[0x01] high edge lint[0x1])
[    0.442254] ACPI: LAPIC_NMI (acpi_id[0x02] high edge lint[0x1])
[    0.442255] ACPI: LAPIC_NMI (acpi_id[0x03] high edge lint[0x1])
[    0.442255] ACPI: LAPIC_NMI (acpi_id[0x04] high edge lint[0x1])
[    0.442255] ACPI: LAPIC_NMI (acpi_id[0x05] high edge lint[0x1])
[    0.442256] ACPI: LAPIC_NMI (acpi_id[0x06] high edge lint[0x1])
[    0.442256] ACPI: LAPIC_NMI (acpi_id[0x07] high edge lint[0x1])
[    0.442256] ACPI: LAPIC_NMI (acpi_id[0x08] high edge lint[0x1])
[    0.442257] ACPI: LAPIC_NMI (acpi_id[0x09] high edge lint[0x1])
[    0.442257] ACPI: LAPIC_NMI (acpi_id[0x0a] high edge lint[0x1])
[    0.442258] ACPI: LAPIC_NMI (acpi_id[0x0b] high edge lint[0x1])
[    0.442258] ACPI: LAPIC_NMI (acpi_id[0x0c] high edge lint[0x1])
[    0.442258] ACPI: LAPIC_NMI (acpi_id[0x0d] high edge lint[0x1])
[    0.442259] ACPI: LAPIC_NMI (acpi_id[0x0e] high edge lint[0x1])
[    0.442259] ACPI: LAPIC_NMI (acpi_id[0x0f] high edge lint[0x1])
[    0.442260] ACPI: LAPIC_NMI (acpi_id[0x10] high edge lint[0x1])
[    0.442260] ACPI: LAPIC_NMI (acpi_id[0x11] high edge lint[0x1])
[    0.442260] ACPI: LAPIC_NMI (acpi_id[0x12] high edge lint[0x1])
[    0.442261] ACPI: LAPIC_NMI (acpi_id[0x13] high edge lint[0x1])
[    0.442261] ACPI: LAPIC_NMI (acpi_id[0x14] high edge lint[0x1])
[    0.442261] ACPI: LAPIC_NMI (acpi_id[0x15] high edge lint[0x1])
[    0.442262] ACPI: LAPIC_NMI (acpi_id[0x16] high edge lint[0x1])
[    0.442262] ACPI: LAPIC_NMI (acpi_id[0x17] high edge lint[0x1])
[    0.442263] ACPI: LAPIC_NMI (acpi_id[0x18] high edge lint[0x1])
[    0.442263] ACPI: LAPIC_NMI (acpi_id[0x19] high edge lint[0x1])
[    0.442263] ACPI: LAPIC_NMI (acpi_id[0x1a] high edge lint[0x1])
[    0.442264] ACPI: LAPIC_NMI (acpi_id[0x1b] high edge lint[0x1])
[    0.442264] ACPI: LAPIC_NMI (acpi_id[0x1c] high edge lint[0x1])
[    0.442265] ACPI: LAPIC_NMI (acpi_id[0x1d] high edge lint[0x1])
[    0.442265] ACPI: LAPIC_NMI (acpi_id[0x1e] high edge lint[0x1])
[    0.442265] ACPI: LAPIC_NMI (acpi_id[0x1f] high edge lint[0x1])
[    0.442266] ACPI: LAPIC_NMI (acpi_id[0x20] high edge lint[0x1])
[    0.442266] ACPI: LAPIC_NMI (acpi_id[0x21] high edge lint[0x1])
[    0.442266] ACPI: LAPIC_NMI (acpi_id[0x22] high edge lint[0x1])
[    0.442267] ACPI: LAPIC_NMI (acpi_id[0x23] high edge lint[0x1])
[    0.442267] ACPI: LAPIC_NMI (acpi_id[0x24] high edge lint[0x1])
[    0.442268] ACPI: LAPIC_NMI (acpi_id[0x25] high edge lint[0x1])
[    0.442268] ACPI: LAPIC_NMI (acpi_id[0x26] high edge lint[0x1])
[    0.442268] ACPI: LAPIC_NMI (acpi_id[0x27] high edge lint[0x1])
[    0.442269] ACPI: LAPIC_NMI (acpi_id[0x28] high edge lint[0x1])
[    0.442269] ACPI: LAPIC_NMI (acpi_id[0x29] high edge lint[0x1])
[    0.442269] ACPI: LAPIC_NMI (acpi_id[0x2a] high edge lint[0x1])
[    0.442270] ACPI: LAPIC_NMI (acpi_id[0x2b] high edge lint[0x1])
[    0.442270] ACPI: LAPIC_NMI (acpi_id[0x2c] high edge lint[0x1])
[    0.442271] ACPI: LAPIC_NMI (acpi_id[0x2d] high edge lint[0x1])
[    0.442271] ACPI: LAPIC_NMI (acpi_id[0x2e] high edge lint[0x1])
[    0.442271] ACPI: LAPIC_NMI (acpi_id[0x2f] high edge lint[0x1])
[    0.442272] ACPI: LAPIC_NMI (acpi_id[0x30] high edge lint[0x1])
[    0.442272] ACPI: LAPIC_NMI (acpi_id[0x31] high edge lint[0x1])
[    0.442273] ACPI: LAPIC_NMI (acpi_id[0x32] high edge lint[0x1])
[    0.442273] ACPI: LAPIC_NMI (acpi_id[0x33] high edge lint[0x1])
[    0.442273] ACPI: LAPIC_NMI (acpi_id[0x34] high edge lint[0x1])
[    0.442274] ACPI: LAPIC_NMI (acpi_id[0x35] high edge lint[0x1])
[    0.442274] ACPI: LAPIC_NMI (acpi_id[0x36] high edge lint[0x1])
[    0.442274] ACPI: LAPIC_NMI (acpi_id[0x37] high edge lint[0x1])
[    0.442275] ACPI: LAPIC_NMI (acpi_id[0x38] high edge lint[0x1])
[    0.442275] ACPI: LAPIC_NMI (acpi_id[0x39] high edge lint[0x1])
[    0.442276] ACPI: LAPIC_NMI (acpi_id[0x3a] high edge lint[0x1])
[    0.442276] ACPI: LAPIC_NMI (acpi_id[0x3b] high edge lint[0x1])
[    0.442276] ACPI: LAPIC_NMI (acpi_id[0x3c] high edge lint[0x1])
[    0.442277] ACPI: LAPIC_NMI (acpi_id[0x3d] high edge lint[0x1])
[    0.442277] ACPI: LAPIC_NMI (acpi_id[0x3e] high edge lint[0x1])
[    0.442278] ACPI: LAPIC_NMI (acpi_id[0x3f] high edge lint[0x1])
[    0.442278] ACPI: LAPIC_NMI (acpi_id[0x40] high edge lint[0x1])
[    0.442278] ACPI: LAPIC_NMI (acpi_id[0x41] high edge lint[0x1])
[    0.442279] ACPI: LAPIC_NMI (acpi_id[0x42] high edge lint[0x1])
[    0.442279] ACPI: LAPIC_NMI (acpi_id[0x43] high edge lint[0x1])
[    0.442279] ACPI: LAPIC_NMI (acpi_id[0x44] high edge lint[0x1])
[    0.442280] ACPI: LAPIC_NMI (acpi_id[0x45] high edge lint[0x1])
[    0.442280] ACPI: LAPIC_NMI (acpi_id[0x46] high edge lint[0x1])
[    0.442281] ACPI: LAPIC_NMI (acpi_id[0x47] high edge lint[0x1])
[    0.442281] ACPI: LAPIC_NMI (acpi_id[0x48] high edge lint[0x1])
[    0.442281] ACPI: LAPIC_NMI (acpi_id[0x49] high edge lint[0x1])
[    0.442282] ACPI: LAPIC_NMI (acpi_id[0x4a] high edge lint[0x1])
[    0.442282] ACPI: LAPIC_NMI (acpi_id[0x4b] high edge lint[0x1])
[    0.442282] ACPI: LAPIC_NMI (acpi_id[0x4c] high edge lint[0x1])
[    0.442283] ACPI: LAPIC_NMI (acpi_id[0x4d] high edge lint[0x1])
[    0.442283] ACPI: LAPIC_NMI (acpi_id[0x4e] high edge lint[0x1])
[    0.442284] ACPI: LAPIC_NMI (acpi_id[0x4f] high edge lint[0x1])
[    0.442284] ACPI: LAPIC_NMI (acpi_id[0x50] high edge lint[0x1])
[    0.442284] ACPI: LAPIC_NMI (acpi_id[0x51] high edge lint[0x1])
[    0.442285] ACPI: LAPIC_NMI (acpi_id[0x52] high edge lint[0x1])
[    0.442285] ACPI: LAPIC_NMI (acpi_id[0x53] high edge lint[0x1])
[    0.442286] ACPI: LAPIC_NMI (acpi_id[0x54] high edge lint[0x1])
[    0.442286] ACPI: LAPIC_NMI (acpi_id[0x55] high edge lint[0x1])
[    0.442286] ACPI: LAPIC_NMI (acpi_id[0x56] high edge lint[0x1])
[    0.442287] ACPI: LAPIC_NMI (acpi_id[0x57] high edge lint[0x1])
[    0.442287] ACPI: LAPIC_NMI (acpi_id[0x58] high edge lint[0x1])
[    0.442287] ACPI: LAPIC_NMI (acpi_id[0x59] high edge lint[0x1])
[    0.442288] ACPI: LAPIC_NMI (acpi_id[0x5a] high edge lint[0x1])
[    0.442288] ACPI: LAPIC_NMI (acpi_id[0x5b] high edge lint[0x1])
[    0.442289] ACPI: LAPIC_NMI (acpi_id[0x5c] high edge lint[0x1])
[    0.442289] ACPI: LAPIC_NMI (acpi_id[0x5d] high edge lint[0x1])
[    0.442289] ACPI: LAPIC_NMI (acpi_id[0x5e] high edge lint[0x1])
[    0.442290] ACPI: LAPIC_NMI (acpi_id[0x5f] high edge lint[0x1])
[    0.442290] ACPI: LAPIC_NMI (acpi_id[0x60] high edge lint[0x1])
[    0.442290] ACPI: LAPIC_NMI (acpi_id[0x61] high edge lint[0x1])
[    0.442291] ACPI: LAPIC_NMI (acpi_id[0x62] high edge lint[0x1])
[    0.442291] ACPI: LAPIC_NMI (acpi_id[0x63] high edge lint[0x1])
[    0.442292] ACPI: LAPIC_NMI (acpi_id[0x64] high edge lint[0x1])
[    0.442292] ACPI: LAPIC_NMI (acpi_id[0x65] high edge lint[0x1])
[    0.442292] ACPI: LAPIC_NMI (acpi_id[0x66] high edge lint[0x1])
[    0.442293] ACPI: LAPIC_NMI (acpi_id[0x67] high edge lint[0x1])
[    0.442293] ACPI: LAPIC_NMI (acpi_id[0x68] high edge lint[0x1])
[    0.442294] ACPI: LAPIC_NMI (acpi_id[0x69] high edge lint[0x1])
[    0.442294] ACPI: LAPIC_NMI (acpi_id[0x6a] high edge lint[0x1])
[    0.442294] ACPI: LAPIC_NMI (acpi_id[0x6b] high edge lint[0x1])
[    0.442295] ACPI: LAPIC_NMI (acpi_id[0x6c] high edge lint[0x1])
[    0.442295] ACPI: LAPIC_NMI (acpi_id[0x6d] high edge lint[0x1])
[    0.442295] ACPI: LAPIC_NMI (acpi_id[0x6e] high edge lint[0x1])
[    0.442296] ACPI: LAPIC_NMI (acpi_id[0x6f] high edge lint[0x1])
[    0.442296] ACPI: LAPIC_NMI (acpi_id[0x70] high edge lint[0x1])
[    0.442297] ACPI: LAPIC_NMI (acpi_id[0x71] high edge lint[0x1])
[    0.442297] ACPI: LAPIC_NMI (acpi_id[0x72] high edge lint[0x1])
[    0.442297] ACPI: LAPIC_NMI (acpi_id[0x73] high edge lint[0x1])
[    0.442298] ACPI: LAPIC_NMI (acpi_id[0x74] high edge lint[0x1])
[    0.442298] ACPI: LAPIC_NMI (acpi_id[0x75] high edge lint[0x1])
[    0.442298] ACPI: LAPIC_NMI (acpi_id[0x76] high edge lint[0x1])
[    0.442299] ACPI: LAPIC_NMI (acpi_id[0x77] high edge lint[0x1])
[    0.442299] ACPI: LAPIC_NMI (acpi_id[0x78] high edge lint[0x1])
[    0.442300] ACPI: LAPIC_NMI (acpi_id[0x79] high edge lint[0x1])
[    0.442300] ACPI: LAPIC_NMI (acpi_id[0x7a] high edge lint[0x1])
[    0.442300] ACPI: LAPIC_NMI (acpi_id[0x7b] high edge lint[0x1])
[    0.442301] ACPI: LAPIC_NMI (acpi_id[0x7c] high edge lint[0x1])
[    0.442301] ACPI: LAPIC_NMI (acpi_id[0x7d] high edge lint[0x1])
[    0.442302] ACPI: LAPIC_NMI (acpi_id[0x7e] high edge lint[0x1])
[    0.442302] ACPI: LAPIC_NMI (acpi_id[0x7f] high edge lint[0x1])
[    0.442336] IOAPIC[0]: apic_id 1, version 32, address 0xfec00000, GSI 0-23
[    0.442340] ACPI: INT_SRC_OVR (bus 0 bus_irq 0 global_irq 2 high edge)
[    0.442342] ACPI: IRQ0 used by override.
[    0.442343] ACPI: IRQ9 used by override.
[    0.442345] Using ACPI (MADT) for SMP configuration information
[    0.442347] ACPI: HPET id: 0x8086af01 base: 0xfed00000
[    0.442351] TSC deadline timer available
[    0.442356] smpboot: Allowing 128 CPUs, 126 hotplug CPUs
[    0.442368] PM: Registered nosave memory: [mem 0x00000000-0x00000fff]
[    0.442369] PM: Registered nosave memory: [mem 0x0009e000-0x0009efff]
[    0.442370] PM: Registered nosave memory: [mem 0x0009f000-0x0009ffff]
[    0.442370] PM: Registered nosave memory: [mem 0x000a0000-0x000dbfff]
[    0.442370] PM: Registered nosave memory: [mem 0x000dc000-0x000fffff]
[    0.442371] PM: Registered nosave memory: [mem 0xbfed0000-0xbfefefff]
[    0.442372] PM: Registered nosave memory: [mem 0xbfeff000-0xbfefffff]
[    0.442411] PM: Registered nosave memory: [mem 0xc0000000-0xefffffff]
[    0.442411] PM: Registered nosave memory: [mem 0xf0000000-0xf7ffffff]
[    0.442412] PM: Registered nosave memory: [mem 0xf8000000-0xfebfffff]
[    0.442412] PM: Registered nosave memory: [mem 0xfec00000-0xfec0ffff]
[    0.442412] PM: Registered nosave memory: [mem 0xfec10000-0xfedfffff]
[    0.442413] PM: Registered nosave memory: [mem 0xfee00000-0xfee00fff]
[    0.442413] PM: Registered nosave memory: [mem 0xfee01000-0xfffdffff]
[    0.442413] PM: Registered nosave memory: [mem 0xfffe0000-0xffffffff]
[    0.442415] [mem 0xc0000000-0xefffffff] available for PCI devices
[    0.442415] Booting paravirtualized kernel on VMware hypervisor
[    0.442418] clocksource: refined-jiffies: mask: 0xffffffff max_cycles: 0xffffffff, max_idle_ns: 7645519600211568 ns
[    0.442422] setup_percpu: NR_CPUS:8192 nr_cpumask_bits:128 nr_cpu_ids:128 nr_node_ids:1
[    0.630617] percpu: Embedded 54 pages/cpu s184320 r8192 d28672 u262144
[    0.630627] pcpu-alloc: s184320 r8192 d28672 u262144 alloc=1*2097152
[    0.630627] pcpu-alloc: [0] 000 001 002 003 004 005 006 007 
[    0.630629] pcpu-alloc: [0] 008 009 010 011 012 013 014 015 
[    0.630630] pcpu-alloc: [0] 016 017 018 019 020 021 022 023 
[    0.630631] pcpu-alloc: [0] 024 025 026 027 028 029 030 031 
[    0.630633] pcpu-alloc: [0] 032 033 034 035 036 037 038 039 
[    0.630634] pcpu-alloc: [0] 040 041 042 043 044 045 046 047 
[    0.630635] pcpu-alloc: [0] 048 049 050 051 052 053 054 055 
[    0.630636] pcpu-alloc: [0] 056 057 058 059 060 061 062 063 
[    0.630637] pcpu-alloc: [0] 064 065 066 067 068 069 070 071 
[    0.630638] pcpu-alloc: [0] 072 073 074 075 076 077 078 079 
[    0.630639] pcpu-alloc: [0] 080 081 082 083 084 085 086 087 
[    0.630640] pcpu-alloc: [0] 088 089 090 091 092 093 094 095 
[    0.630642] pcpu-alloc: [0] 096 097 098 099 100 101 102 103 
[    0.630643] pcpu-alloc: [0] 104 105 106 107 108 109 110 111 
[    0.630644] pcpu-alloc: [0] 112 113 114 115 116 117 118 119 
[    0.630645] pcpu-alloc: [0] 120 121 122 123 124 125 126 127 
[    0.630705] Built 1 zonelists, mobility grouping on.  Total pages: 1032024
[    0.630705] Policy zone: Normal
[    0.630707] Kernel command line: BOOT_IMAGE=/boot/vmlinuz-5.4.0-52-generic root=UUID=2a46d80d-e4f2-443b-8d90-151c12c79010 ro find_preseed=/preseed.cfg auto noprompt priority=critical locale=en_US quiet
[    0.630804] printk: log_buf_len individual max cpu contribution: 4096 bytes
[    0.630805] printk: log_buf_len total cpu_extra contributions: 520192 bytes
[    0.630805] printk: log_buf_len min size: 262144 bytes
[    0.636313] printk: log_buf_len: 1048576 bytes
[    0.636314] printk: early log buf free: 235656(89%)
[    0.657251] Dentry cache hash table entries: 524288 (order: 10, 4194304 bytes, linear)
[    0.668515] Inode-cache hash table entries: 262144 (order: 9, 2097152 bytes, linear)
[    0.670687] mem auto-init: stack:off, heap alloc:on, heap free:off
[    0.842807] Calgary: detecting Calgary via BIOS EBDA area
[    0.842809] Calgary: Unable to locate Rio Grande table in EBDA - bailing!
[    0.852330] Memory: 3945856K/4193716K available (14339K kernel code, 2398K rwdata, 4956K rodata, 2716K init, 4988K bss, 247860K reserved, 0K cma-reserved)
[    0.852437] random: get_random_u64 called from kmem_cache_open+0x2d/0x410 with crng_init=0
[    0.853999] SLUB: HWalign=64, Order=0-3, MinObjects=0, CPUs=128, Nodes=1
[    0.854132] ftrace: allocating 44527 entries in 174 pages
[    0.874444] rcu: Hierarchical RCU implementation.
[    0.874446] rcu: 	RCU restricting CPUs from NR_CPUS=8192 to nr_cpu_ids=128.
[    0.874447] 	Tasks RCU enabled.
[    0.874448] rcu: RCU calculated value of scheduler-enlistment delay is 25 jiffies.
[    0.874448] rcu: Adjusting geometry for rcu_fanout_leaf=16, nr_cpu_ids=128
[    0.877910] NR_IRQS: 524544, nr_irqs: 1448, preallocated irqs: 16
[    0.878534] random: crng done (trusting CPU's manufacturer)
[    0.879905] Console: colour VGA+ 80x25
[    0.879911] printk: console [tty0] enabled
[    0.880056] ACPI: Core revision 20190816
[    0.880675] clocksource: hpet: mask: 0xffffffff max_cycles: 0xffffffff, max_idle_ns: 133484882848 ns
[    0.880719] APIC: Switch to symmetric I/O mode setup
[    0.880909] x2apic enabled
[    0.881101] Switched APIC routing to physical x2apic.
[    0.881939] ..TIMER: vector=0x30 apic1=0 pin1=2 apic2=-1 pin2=-1
[    0.881967] clocksource: tsc-early: mask: 0xffffffffffffffff max_cycles: 0x2135f7c97c8, max_idle_ns: 440795273205 ns
[    0.881970] Calibrating delay loop (skipped) preset value.. 4608.00 BogoMIPS (lpj=9216000)
[    0.881972] pid_max: default: 131072 minimum: 1024
[    0.882098] LSM: Security Framework initializing
[    0.882138] Yama: becoming mindful.
[    0.895979] AppArmor: AppArmor initialized
[    0.896429] Mount-cache hash table entries: 8192 (order: 4, 65536 bytes, linear)
[    0.896822] Mountpoint-cache hash table entries: 8192 (order: 4, 65536 bytes, linear)
[    0.897023] *** VALIDATE tmpfs ***
[    0.898313] *** VALIDATE proc ***
[    0.898438] *** VALIDATE cgroup1 ***
[    0.898439] *** VALIDATE cgroup2 ***
[    0.898919] Disabled fast string operations
[    0.899012] Last level iTLB entries: 4KB 64, 2MB 8, 4MB 8
[    0.899013] Last level dTLB entries: 4KB 64, 2MB 0, 4MB 0, 1GB 4
[    0.899018] Spectre V1 : Mitigation: usercopy/swapgs barriers and __user pointer sanitization
[    0.899308] Spectre V2 : Mitigation: Enhanced IBRS
[    0.899309] Spectre V2 : Spectre v2 / SpectreRSB mitigation: Filling RSB on context switch
[    0.899312] Spectre V2 : mitigation: Enabling conditional Indirect Branch Prediction Barrier
[    0.899313] Speculative Store Bypass: Mitigation: Speculative Store Bypass disabled via prctl and seccomp
[    0.899315] SRBDS: Mitigation: TSX disabled
[    0.899565] Freeing SMP alternatives memory: 40K
[    0.903835] smpboot: CPU0: Intel(R) Core(TM) i9-9880H CPU @ 2.30GHz (family: 0x6, model: 0x9e, stepping: 0xd)
[    0.905163] Performance Events: Skylake events, core PMU driver.
[    0.905191] core: CPUID marked event: 'cpu cycles' unavailable
[    0.905191] core: CPUID marked event: 'instructions' unavailable
[    0.905191] core: CPUID marked event: 'bus cycles' unavailable
[    0.905191] core: CPUID marked event: 'cache references' unavailable
[    0.905192] core: CPUID marked event: 'cache misses' unavailable
[    0.905192] core: CPUID marked event: 'branch instructions' unavailable
[    0.905192] core: CPUID marked event: 'branch misses' unavailable
[    0.905195] ... version:                1
[    0.905196] ... bit width:              48
[    0.905196] ... generic registers:      4
[    0.905196] ... value mask:             0000ffffffffffff
[    0.905197] ... max period:             000000007fffffff
[    0.905197] ... fixed-purpose events:   0
[    0.905198] ... event mask:             000000000000000f
[    0.905400] rcu: Hierarchical SRCU implementation.
[    0.905967] NMI watchdog: Perf NMI watchdog permanently disabled
[    0.931081] smp: Bringing up secondary CPUs ...
[    0.932331] x86: Booting SMP configuration:
[    0.932332] .... node  #0, CPUs:          #1
[    0.007495] Disabled fast string operations
[    0.007495] smpboot: CPU 1 Converting physical 2 to logical package 1
[    0.007495] smpboot: CPU 1 Converting physical 0 to logical die 1
[    0.933980] smp: Brought up 1 node, 2 CPUs
[    0.933982] smpboot: Max logical packages: 128
[    0.933984] smpboot: Total of 2 processors activated (9216.00 BogoMIPS)
[    0.935455] devtmpfs: initialized
[    0.935455] x86/mm: Memory block size: 128MB
[    0.938361] PM: Registering ACPI NVS region [mem 0xbfeff000-0xbfefffff] (4096 bytes)
[    0.938392] clocksource: jiffies: mask: 0xffffffff max_cycles: 0xffffffff, max_idle_ns: 7645041785100000 ns
[    0.953615] futex hash table entries: 32768 (order: 9, 2097152 bytes, linear)
[    0.954259] pinctrl core: initialized pinctrl subsystem
[    0.954543] PM: RTC time: 13:13:56, date: 2020-10-24
[    0.955383] NET: Registered protocol family 16
[    0.955804] audit: initializing netlink subsys (disabled)
[    0.956635] audit: type=2000 audit(1603545236.072:1): state=initialized audit_enabled=0 res=1
[    0.956635] EISA bus registered
[    0.956635] cpuidle: using governor ladder
[    0.956635] cpuidle: using governor menu
[    0.956635] Simple Boot Flag at 0x36 set to 0x80
[    0.956635] ACPI: bus type PCI registered
[    0.956635] acpiphp: ACPI Hot Plug PCI Controller Driver version: 0.5
[    0.958689] PCI: MMCONFIG for domain 0000 [bus 00-7f] at [mem 0xf0000000-0xf7ffffff] (base 0xf0000000)
[    0.958696] PCI: MMCONFIG at [mem 0xf0000000-0xf7ffffff] reserved in E820
[    0.958789] PCI: Using configuration type 1 for base access
[    0.962636] HugeTLB registered 1.00 GiB page size, pre-allocated 0 pages
[    0.962636] HugeTLB registered 2.00 MiB page size, pre-allocated 0 pages
[    0.978541] ACPI: Added _OSI(Module Device)
[    0.978541] ACPI: Added _OSI(Processor Device)
[    0.978541] ACPI: Added _OSI(3.0 _SCP Extensions)
[    0.978541] ACPI: Added _OSI(Processor Aggregator Device)
[    0.978541] ACPI: Added _OSI(Linux-Dell-Video)
[    0.978541] ACPI: Added _OSI(Linux-Lenovo-NV-HDMI-Audio)
[    0.978541] ACPI: Added _OSI(Linux-HPI-Hybrid-Graphics)
[    1.010750] ACPI: 1 ACPI AML tables successfully acquired and loaded
[    1.013601] ACPI: [Firmware Bug]: BIOS _OSI(Linux) query ignored
[    1.038582] ACPI: Interpreter enabled
[    1.038599] ACPI: (supports S0 S1 S4 S5)
[    1.038600] ACPI: Using IOAPIC for interrupt routing
[    1.038632] PCI: Using host bridge windows from ACPI; if necessary, use "pci=nocrs" and report a bug
[    1.040428] ACPI: Enabled 4 GPEs in block 00 to 0F
[    1.278887] ACPI: PCI Root Bridge [PCI0] (domain 0000 [bus 00-7f])
[    1.278893] acpi PNP0A03:00: _OSC: OS supports [ExtendedConfig ASPM ClockPM Segments MSI HPX-Type3]
[    1.279080] acpi PNP0A03:00: _OSC: platform does not support [AER LTR]
[    1.279281] acpi PNP0A03:00: _OSC: OS now controls [PCIeHotplug SHPCHotplug PME PCIeCapability]
[    1.281974] PCI host bridge to bus 0000:00
[    1.281976] pci_bus 0000:00: root bus resource [mem 0x000a0000-0x000bffff window]
[    1.281977] pci_bus 0000:00: root bus resource [mem 0x000d0000-0x000d3fff window]
[    1.281977] pci_bus 0000:00: root bus resource [mem 0x000d4000-0x000d7fff window]
[    1.281977] pci_bus 0000:00: root bus resource [mem 0x000d8000-0x000dbfff window]
[    1.281978] pci_bus 0000:00: root bus resource [mem 0xc0000000-0xfebfffff window]
[    1.281979] pci_bus 0000:00: root bus resource [io  0x0000-0x0cf7 window]
[    1.281979] pci_bus 0000:00: root bus resource [io  0x0d00-0xfeff window]
[    1.281980] pci_bus 0000:00: root bus resource [bus 00-7f]
[    1.282076] pci 0000:00:00.0: [8086:7190] type 00 class 0x060000
[    1.283160] pci 0000:00:01.0: [8086:7191] type 01 class 0x060400
[    1.285310] pci 0000:00:07.0: [8086:7110] type 00 class 0x060100
[    1.286358] pci 0000:00:07.1: [8086:7111] type 00 class 0x01018a
[    1.288190] pci 0000:00:07.1: reg 0x20: [io  0x1060-0x106f]
[    1.288699] pci 0000:00:07.1: legacy IDE quirk: reg 0x10: [io  0x01f0-0x01f7]
[    1.288699] pci 0000:00:07.1: legacy IDE quirk: reg 0x14: [io  0x03f6]
[    1.288700] pci 0000:00:07.1: legacy IDE quirk: reg 0x18: [io  0x0170-0x0177]
[    1.288700] pci 0000:00:07.1: legacy IDE quirk: reg 0x1c: [io  0x0376]
[    1.289463] pci 0000:00:07.3: [8086:7113] type 00 class 0x068000
[    1.291070] pci 0000:00:07.3: quirk: [io  0x1000-0x103f] claimed by PIIX4 ACPI
[    1.291084] pci 0000:00:07.3: quirk: [io  0x1040-0x104f] claimed by PIIX4 SMB
[    1.291758] pci 0000:00:07.7: [15ad:0740] type 00 class 0x088000
[    1.292485] pci 0000:00:07.7: reg 0x10: [io  0x1080-0x10bf]
[    1.293071] pci 0000:00:07.7: reg 0x14: [mem 0xfebfe000-0xfebfffff 64bit]
[    1.297766] pci 0000:00:0f.0: [15ad:0405] type 00 class 0x030000
[    1.299972] pci 0000:00:0f.0: reg 0x10: [io  0x1070-0x107f]
[    1.301450] pci 0000:00:0f.0: reg 0x14: [mem 0xe8000000-0xefffffff pref]
[    1.302717] pci 0000:00:0f.0: reg 0x18: [mem 0xfe000000-0xfe7fffff]
[    1.307908] pci 0000:00:0f.0: reg 0x30: [mem 0x00000000-0x00007fff pref]
[    1.308884] pci 0000:00:10.0: [1000:0030] type 00 class 0x010000
[    1.309723] pci 0000:00:10.0: reg 0x10: [io  0x1400-0x14ff]
[    1.310404] pci 0000:00:10.0: reg 0x14: [mem 0xfeba0000-0xfebbffff 64bit]
[    1.311178] pci 0000:00:10.0: reg 0x1c: [mem 0xfebc0000-0xfebdffff 64bit]
[    1.312738] pci 0000:00:10.0: reg 0x30: [mem 0x00000000-0x00003fff pref]
[    1.313599] pci 0000:00:11.0: [15ad:0790] type 01 class 0x060401
[    1.315691] pci 0000:00:15.0: [15ad:07a0] type 01 class 0x060400
[    1.316952] pci 0000:00:15.0: PME# supported from D0 D3hot D3cold
[    1.317514] pci 0000:00:15.1: [15ad:07a0] type 01 class 0x060400
[    1.318756] pci 0000:00:15.1: PME# supported from D0 D3hot D3cold
[    1.319312] pci 0000:00:15.2: [15ad:07a0] type 01 class 0x060400
[    1.320900] pci 0000:00:15.2: PME# supported from D0 D3hot D3cold
[    1.322232] pci 0000:00:15.3: [15ad:07a0] type 01 class 0x060400
[    1.323977] pci 0000:00:15.3: PME# supported from D0 D3hot D3cold
[    1.325026] pci 0000:00:15.4: [15ad:07a0] type 01 class 0x060400
[    1.327768] pci 0000:00:15.4: PME# supported from D0 D3hot D3cold
[    1.328853] pci 0000:00:15.5: [15ad:07a0] type 01 class 0x060400
[    1.330274] pci 0000:00:15.5: PME# supported from D0 D3hot D3cold
[    1.330953] pci 0000:00:15.6: [15ad:07a0] type 01 class 0x060400
[    1.332369] pci 0000:00:15.6: PME# supported from D0 D3hot D3cold
[    1.332972] pci 0000:00:15.7: [15ad:07a0] type 01 class 0x060400
[    1.334344] pci 0000:00:15.7: PME# supported from D0 D3hot D3cold
[    1.335227] pci 0000:00:16.0: [15ad:07a0] type 01 class 0x060400
[    1.336704] pci 0000:00:16.0: PME# supported from D0 D3hot D3cold
[    1.337434] pci 0000:00:16.1: [15ad:07a0] type 01 class 0x060400
[    1.338902] pci 0000:00:16.1: PME# supported from D0 D3hot D3cold
[    1.339548] pci 0000:00:16.2: [15ad:07a0] type 01 class 0x060400
[    1.341003] pci 0000:00:16.2: PME# supported from D0 D3hot D3cold
[    1.341878] pci 0000:00:16.3: [15ad:07a0] type 01 class 0x060400
[    1.343340] pci 0000:00:16.3: PME# supported from D0 D3hot D3cold
[    1.343995] pci 0000:00:16.4: [15ad:07a0] type 01 class 0x060400
[    1.345454] pci 0000:00:16.4: PME# supported from D0 D3hot D3cold
[    1.346154] pci 0000:00:16.5: [15ad:07a0] type 01 class 0x060400
[    1.347623] pci 0000:00:16.5: PME# supported from D0 D3hot D3cold
[    1.348345] pci 0000:00:16.6: [15ad:07a0] type 01 class 0x060400
[    1.349801] pci 0000:00:16.6: PME# supported from D0 D3hot D3cold
[    1.350740] pci 0000:00:16.7: [15ad:07a0] type 01 class 0x060400
[    1.352235] pci 0000:00:16.7: PME# supported from D0 D3hot D3cold
[    1.353284] pci 0000:00:17.0: [15ad:07a0] type 01 class 0x060400
[    1.354822] pci 0000:00:17.0: PME# supported from D0 D3hot D3cold
[    1.355527] pci 0000:00:17.1: [15ad:07a0] type 01 class 0x060400
[    1.357029] pci 0000:00:17.1: PME# supported from D0 D3hot D3cold
[    1.357715] pci 0000:00:17.2: [15ad:07a0] type 01 class 0x060400
[    1.359224] pci 0000:00:17.2: PME# supported from D0 D3hot D3cold
[    1.360129] pci 0000:00:17.3: [15ad:07a0] type 01 class 0x060400
[    1.361643] pci 0000:00:17.3: PME# supported from D0 D3hot D3cold
[    1.362341] pci 0000:00:17.4: [15ad:07a0] type 01 class 0x060400
[    1.363896] pci 0000:00:17.4: PME# supported from D0 D3hot D3cold
[    1.364672] pci 0000:00:17.5: [15ad:07a0] type 01 class 0x060400
[    1.366130] pci 0000:00:17.5: PME# supported from D0 D3hot D3cold
[    1.366774] pci 0000:00:17.6: [15ad:07a0] type 01 class 0x060400
[    1.368223] pci 0000:00:17.6: PME# supported from D0 D3hot D3cold
[    1.368920] pci 0000:00:17.7: [15ad:07a0] type 01 class 0x060400
[    1.370364] pci 0000:00:17.7: PME# supported from D0 D3hot D3cold
[    1.371266] pci 0000:00:18.0: [15ad:07a0] type 01 class 0x060400
[    1.372707] pci 0000:00:18.0: PME# supported from D0 D3hot D3cold
[    1.373507] pci 0000:00:18.1: [15ad:07a0] type 01 class 0x060400
[    1.375012] pci 0000:00:18.1: PME# supported from D0 D3hot D3cold
[    1.375738] pci 0000:00:18.2: [15ad:07a0] type 01 class 0x060400
[    1.377529] pci 0000:00:18.2: PME# supported from D0 D3hot D3cold
[    1.378802] pci 0000:00:18.3: [15ad:07a0] type 01 class 0x060400
[    1.380324] pci 0000:00:18.3: PME# supported from D0 D3hot D3cold
[    1.381259] pci 0000:00:18.4: [15ad:07a0] type 01 class 0x060400
[    1.382798] pci 0000:00:18.4: PME# supported from D0 D3hot D3cold
[    1.383494] pci 0000:00:18.5: [15ad:07a0] type 01 class 0x060400
[    1.385026] pci 0000:00:18.5: PME# supported from D0 D3hot D3cold
[    1.385696] pci 0000:00:18.6: [15ad:07a0] type 01 class 0x060400
[    1.387175] pci 0000:00:18.6: PME# supported from D0 D3hot D3cold
[    1.387834] pci 0000:00:18.7: [15ad:07a0] type 01 class 0x060400
[    1.389311] pci 0000:00:18.7: PME# supported from D0 D3hot D3cold
[    1.392073] pci_bus 0000:01: extended config space not accessible
[    1.400152] pci 0000:00:01.0: PCI bridge to [bus 01]
[    1.400507] pci_bus 0000:02: extended config space not accessible
[    1.400941] acpiphp: Slot [32] registered
[    1.400973] acpiphp: Slot [33] registered
[    1.401004] acpiphp: Slot [34] registered
[    1.401092] acpiphp: Slot [35] registered
[    1.401122] acpiphp: Slot [36] registered
[    1.401152] acpiphp: Slot [37] registered
[    1.401179] acpiphp: Slot [38] registered
[    1.401205] acpiphp: Slot [39] registered
[    1.401234] acpiphp: Slot [40] registered
[    1.401263] acpiphp: Slot [41] registered
[    1.401288] acpiphp: Slot [42] registered
[    1.401313] acpiphp: Slot [43] registered
[    1.401341] acpiphp: Slot [44] registered
[    1.401370] acpiphp: Slot [45] registered
[    1.401396] acpiphp: Slot [46] registered
[    1.401482] acpiphp: Slot [47] registered
[    1.401515] acpiphp: Slot [48] registered
[    1.401577] acpiphp: Slot [49] registered
[    1.401603] acpiphp: Slot [50] registered
[    1.401635] acpiphp: Slot [51] registered
[    1.401662] acpiphp: Slot [52] registered
[    1.401687] acpiphp: Slot [53] registered
[    1.401712] acpiphp: Slot [54] registered
[    1.401744] acpiphp: Slot [55] registered
[    1.401770] acpiphp: Slot [56] registered
[    1.401795] acpiphp: Slot [57] registered
[    1.401819] acpiphp: Slot [58] registered
[    1.401913] acpiphp: Slot [59] registered
[    1.401940] acpiphp: Slot [60] registered
[    1.401965] acpiphp: Slot [61] registered
[    1.401983] acpiphp: Slot [62] registered
[    1.402011] acpiphp: Slot [63] registered
[    1.402139] pci 0000:02:00.0: [15ad:0774] type 00 class 0x0c0300
[    1.403869] pci 0000:02:00.0: reg 0x20: [io  0x2080-0x209f]
[    1.405691] pci 0000:02:01.0: [8086:100f] type 00 class 0x020000
[    1.406695] pci 0000:02:01.0: reg 0x10: [mem 0xfd5c0000-0xfd5dffff 64bit]
[    1.407655] pci 0000:02:01.0: reg 0x18: [mem 0xfdff0000-0xfdffffff 64bit]
[    1.408532] pci 0000:02:01.0: reg 0x20: [io  0x2000-0x203f]
[    1.409822] pci 0000:02:01.0: reg 0x30: [mem 0x00000000-0x0000ffff pref]
[    1.410230] pci 0000:02:01.0: PME# supported from D0 D3hot D3cold
[    1.410845] pci 0000:02:02.0: [1274:1371] type 00 class 0x040100
[    1.411176] pci 0000:02:02.0: reg 0x10: [io  0x2040-0x207f]
[    1.413752] pci 0000:02:03.0: [15ad:0770] type 00 class 0x0c0320
[    1.414158] pci 0000:02:03.0: reg 0x10: [mem 0xfd5ef000-0xfd5effff]
[    1.418059] pci 0000:02:05.0: [15ad:07e0] type 00 class 0x010601
[    1.420176] pci 0000:02:05.0: reg 0x24: [mem 0xfd5ee000-0xfd5eefff]
[    1.420520] pci 0000:02:05.0: reg 0x30: [mem 0x00000000-0x0000ffff pref]
[    1.421075] pci 0000:02:05.0: PME# supported from D3hot
[    1.428326] pci 0000:00:11.0: PCI bridge to [bus 02] (subtractive decode)
[    1.428358] pci 0000:00:11.0:   bridge window [io  0x2000-0x3fff]
[    1.428388] pci 0000:00:11.0:   bridge window [mem 0xfd500000-0xfdffffff]
[    1.428443] pci 0000:00:11.0:   bridge window [mem 0xe7b00000-0xe7ffffff 64bit pref]
[    1.428445] pci 0000:00:11.0:   bridge window [mem 0x000a0000-0x000bffff window] (subtractive decode)
[    1.428445] pci 0000:00:11.0:   bridge window [mem 0x000d0000-0x000d3fff window] (subtractive decode)
[    1.428446] pci 0000:00:11.0:   bridge window [mem 0x000d4000-0x000d7fff window] (subtractive decode)
[    1.428446] pci 0000:00:11.0:   bridge window [mem 0x000d8000-0x000dbfff window] (subtractive decode)
[    1.428447] pci 0000:00:11.0:   bridge window [mem 0xc0000000-0xfebfffff window] (subtractive decode)
[    1.428447] pci 0000:00:11.0:   bridge window [io  0x0000-0x0cf7 window] (subtractive decode)
[    1.428448] pci 0000:00:11.0:   bridge window [io  0x0d00-0xfeff window] (subtractive decode)
[    1.436304] pci 0000:00:15.0: PCI bridge to [bus 03]
[    1.436340] pci 0000:00:15.0:   bridge window [io  0x4000-0x4fff]
[    1.436366] pci 0000:00:15.0:   bridge window [mem 0xfd400000-0xfd4fffff]
[    1.436421] pci 0000:00:15.0:   bridge window [mem 0xe7a00000-0xe7afffff 64bit pref]
[    1.444152] pci 0000:00:15.1: PCI bridge to [bus 04]
[    1.444188] pci 0000:00:15.1:   bridge window [io  0x8000-0x8fff]
[    1.444214] pci 0000:00:15.1:   bridge window [mem 0xfd000000-0xfd0fffff]
[    1.444270] pci 0000:00:15.1:   bridge window [mem 0xe7600000-0xe76fffff 64bit pref]
[    1.452104] pci 0000:00:15.2: PCI bridge to [bus 05]
[    1.452141] pci 0000:00:15.2:   bridge window [io  0xc000-0xcfff]
[    1.452167] pci 0000:00:15.2:   bridge window [mem 0xfcc00000-0xfccfffff]
[    1.452223] pci 0000:00:15.2:   bridge window [mem 0xe7200000-0xe72fffff 64bit pref]
[    1.460182] pci 0000:00:15.3: PCI bridge to [bus 06]
[    1.460282] pci 0000:00:15.3:   bridge window [mem 0xfc800000-0xfc8fffff]
[    1.460339] pci 0000:00:15.3:   bridge window [mem 0xe6e00000-0xe6efffff 64bit pref]
[    1.468160] pci 0000:00:15.4: PCI bridge to [bus 07]
[    1.468222] pci 0000:00:15.4:   bridge window [mem 0xfc400000-0xfc4fffff]
[    1.468277] pci 0000:00:15.4:   bridge window [mem 0xe6a00000-0xe6afffff 64bit pref]
[    1.476019] pci 0000:00:15.5: PCI bridge to [bus 08]
[    1.476078] pci 0000:00:15.5:   bridge window [mem 0xfc000000-0xfc0fffff]
[    1.476133] pci 0000:00:15.5:   bridge window [mem 0xe6600000-0xe66fffff 64bit pref]
[    1.483897] pci 0000:00:15.6: PCI bridge to [bus 09]
[    1.483954] pci 0000:00:15.6:   bridge window [mem 0xfbc00000-0xfbcfffff]
[    1.484011] pci 0000:00:15.6:   bridge window [mem 0xe6200000-0xe62fffff 64bit pref]
[    1.491757] pci 0000:00:15.7: PCI bridge to [bus 0a]
[    1.491815] pci 0000:00:15.7:   bridge window [mem 0xfb800000-0xfb8fffff]
[    1.491871] pci 0000:00:15.7:   bridge window [mem 0xe5e00000-0xe5efffff 64bit pref]
[    1.499660] pci 0000:00:16.0: PCI bridge to [bus 0b]
[    1.499693] pci 0000:00:16.0:   bridge window [io  0x5000-0x5fff]
[    1.499720] pci 0000:00:16.0:   bridge window [mem 0xfd300000-0xfd3fffff]
[    1.499777] pci 0000:00:16.0:   bridge window [mem 0xe7900000-0xe79fffff 64bit pref]
[    1.507605] pci 0000:00:16.1: PCI bridge to [bus 0c]
[    1.507641] pci 0000:00:16.1:   bridge window [io  0x9000-0x9fff]
[    1.507668] pci 0000:00:16.1:   bridge window [mem 0xfcf00000-0xfcffffff]
[    1.507724] pci 0000:00:16.1:   bridge window [mem 0xe7500000-0xe75fffff 64bit pref]
[    1.515540] pci 0000:00:16.2: PCI bridge to [bus 0d]
[    1.515573] pci 0000:00:16.2:   bridge window [io  0xd000-0xdfff]
[    1.515598] pci 0000:00:16.2:   bridge window [mem 0xfcb00000-0xfcbfffff]
[    1.515649] pci 0000:00:16.2:   bridge window [mem 0xe7100000-0xe71fffff 64bit pref]
[    1.523203] pci 0000:00:16.3: PCI bridge to [bus 0e]
[    1.523257] pci 0000:00:16.3:   bridge window [mem 0xfc700000-0xfc7fffff]
[    1.523309] pci 0000:00:16.3:   bridge window [mem 0xe6d00000-0xe6dfffff 64bit pref]
[    1.530855] pci 0000:00:16.4: PCI bridge to [bus 0f]
[    1.530912] pci 0000:00:16.4:   bridge window [mem 0xfc300000-0xfc3fffff]
[    1.530964] pci 0000:00:16.4:   bridge window [mem 0xe6900000-0xe69fffff 64bit pref]
[    1.538654] pci 0000:00:16.5: PCI bridge to [bus 10]
[    1.538728] pci 0000:00:16.5:   bridge window [mem 0xfbf00000-0xfbffffff]
[    1.538780] pci 0000:00:16.5:   bridge window [mem 0xe6500000-0xe65fffff 64bit pref]
[    1.546700] pci 0000:00:16.6: PCI bridge to [bus 11]
[    1.546765] pci 0000:00:16.6:   bridge window [mem 0xfbb00000-0xfbbfffff]
[    1.546818] pci 0000:00:16.6:   bridge window [mem 0xe6100000-0xe61fffff 64bit pref]
[    1.554483] pci 0000:00:16.7: PCI bridge to [bus 12]
[    1.554600] pci 0000:00:16.7:   bridge window [mem 0xfb700000-0xfb7fffff]
[    1.554652] pci 0000:00:16.7:   bridge window [mem 0xe5d00000-0xe5dfffff 64bit pref]
[    1.562586] pci 0000:00:17.0: PCI bridge to [bus 13]
[    1.562620] pci 0000:00:17.0:   bridge window [io  0x6000-0x6fff]
[    1.562645] pci 0000:00:17.0:   bridge window [mem 0xfd200000-0xfd2fffff]
[    1.562697] pci 0000:00:17.0:   bridge window [mem 0xe7800000-0xe78fffff 64bit pref]
[    1.570400] pci 0000:00:17.1: PCI bridge to [bus 14]
[    1.570430] pci 0000:00:17.1:   bridge window [io  0xa000-0xafff]
[    1.570459] pci 0000:00:17.1:   bridge window [mem 0xfce00000-0xfcefffff]
[    1.570510] pci 0000:00:17.1:   bridge window [mem 0xe7400000-0xe74fffff 64bit pref]
[    1.578454] pci 0000:00:17.2: PCI bridge to [bus 15]
[    1.578495] pci 0000:00:17.2:   bridge window [io  0xe000-0xefff]
[    1.578522] pci 0000:00:17.2:   bridge window [mem 0xfca00000-0xfcafffff]
[    1.578574] pci 0000:00:17.2:   bridge window [mem 0xe7000000-0xe70fffff 64bit pref]
[    1.587547] pci 0000:00:17.3: PCI bridge to [bus 16]
[    1.587613] pci 0000:00:17.3:   bridge window [mem 0xfc600000-0xfc6fffff]
[    1.587668] pci 0000:00:17.3:   bridge window [mem 0xe6c00000-0xe6cfffff 64bit pref]
[    1.597987] pci 0000:00:17.4: PCI bridge to [bus 17]
[    1.598101] pci 0000:00:17.4:   bridge window [mem 0xfc200000-0xfc2fffff]
[    1.598157] pci 0000:00:17.4:   bridge window [mem 0xe6800000-0xe68fffff 64bit pref]
[    1.608344] pci 0000:00:17.5: PCI bridge to [bus 18]
[    1.608434] pci 0000:00:17.5:   bridge window [mem 0xfbe00000-0xfbefffff]
[    1.608498] pci 0000:00:17.5:   bridge window [mem 0xe6400000-0xe64fffff 64bit pref]
[    1.617371] pci 0000:00:17.6: PCI bridge to [bus 19]
[    1.617463] pci 0000:00:17.6:   bridge window [mem 0xfba00000-0xfbafffff]
[    1.617528] pci 0000:00:17.6:   bridge window [mem 0xe6000000-0xe60fffff 64bit pref]
[    1.627577] pci 0000:00:17.7: PCI bridge to [bus 1a]
[    1.627663] pci 0000:00:17.7:   bridge window [mem 0xfb600000-0xfb6fffff]
[    1.627725] pci 0000:00:17.7:   bridge window [mem 0xe5c00000-0xe5cfffff 64bit pref]
[    1.636677] pci 0000:00:18.0: PCI bridge to [bus 1b]
[    1.636731] pci 0000:00:18.0:   bridge window [io  0x7000-0x7fff]
[    1.636762] pci 0000:00:18.0:   bridge window [mem 0xfd100000-0xfd1fffff]
[    1.636825] pci 0000:00:18.0:   bridge window [mem 0xe7700000-0xe77fffff 64bit pref]
[    1.645602] pci 0000:00:18.1: PCI bridge to [bus 1c]
[    1.645655] pci 0000:00:18.1:   bridge window [io  0xb000-0xbfff]
[    1.645686] pci 0000:00:18.1:   bridge window [mem 0xfcd00000-0xfcdfffff]
[    1.645748] pci 0000:00:18.1:   bridge window [mem 0xe7300000-0xe73fffff 64bit pref]
[    1.654481] pci 0000:00:18.2: PCI bridge to [bus 1d]
[    1.654563] pci 0000:00:18.2:   bridge window [mem 0xfc900000-0xfc9fffff]
[    1.654625] pci 0000:00:18.2:   bridge window [mem 0xe6f00000-0xe6ffffff 64bit pref]
[    1.663439] pci 0000:00:18.3: PCI bridge to [bus 1e]
[    1.663514] pci 0000:00:18.3:   bridge window [mem 0xfc500000-0xfc5fffff]
[    1.663577] pci 0000:00:18.3:   bridge window [mem 0xe6b00000-0xe6bfffff 64bit pref]
[    1.672141] pci 0000:00:18.4: PCI bridge to [bus 1f]
[    1.672208] pci 0000:00:18.4:   bridge window [mem 0xfc100000-0xfc1fffff]
[    1.672270] pci 0000:00:18.4:   bridge window [mem 0xe6700000-0xe67fffff 64bit pref]
[    1.680527] pci 0000:00:18.5: PCI bridge to [bus 20]
[    1.680602] pci 0000:00:18.5:   bridge window [mem 0xfbd00000-0xfbdfffff]
[    1.680659] pci 0000:00:18.5:   bridge window [mem 0xe6300000-0xe63fffff 64bit pref]
[    1.689039] pci 0000:00:18.6: PCI bridge to [bus 21]
[    1.689101] pci 0000:00:18.6:   bridge window [mem 0xfb900000-0xfb9fffff]
[    1.689156] pci 0000:00:18.6:   bridge window [mem 0xe5f00000-0xe5ffffff 64bit pref]
[    1.697274] pci 0000:00:18.7: PCI bridge to [bus 22]
[    1.697338] pci 0000:00:18.7:   bridge window [mem 0xfb500000-0xfb5fffff]
[    1.697392] pci 0000:00:18.7:   bridge window [mem 0xe5b00000-0xe5bfffff 64bit pref]
[    1.700507] ACPI: PCI Interrupt Link [LNKA] (IRQs 3 4 5 6 7 *9 10 11 14 15)
[    1.700612] ACPI: PCI Interrupt Link [LNKB] (IRQs 3 4 5 6 7 9 10 *11 14 15)
[    1.700715] ACPI: PCI Interrupt Link [LNKC] (IRQs 3 4 5 6 7 9 *10 11 14 15)
[    1.700818] ACPI: PCI Interrupt Link [LNKD] (IRQs 3 4 5 6 *7 9 10 11 14 15)
[    1.743765] iommu: Default domain type: Translated 
[    1.743765] SCSI subsystem initialized
[    1.743765] libata version 3.00 loaded.
[    1.743765] pci 0000:00:0f.0: vgaarb: setting as boot VGA device
[    1.743765] pci 0000:00:0f.0: vgaarb: VGA device added: decodes=io+mem,owns=io+mem,locks=none
[    1.743765] pci 0000:00:0f.0: vgaarb: bridge control possible
[    1.743765] vgaarb: loaded
[    1.743765] ACPI: bus type USB registered
[    1.743765] usbcore: registered new interface driver usbfs
[    1.743765] usbcore: registered new interface driver hub
[    1.743765] usbcore: registered new device driver usb
[    1.743765] pps_core: LinuxPPS API ver. 1 registered
[    1.743765] pps_core: Software ver. 5.3.6 - Copyright 2005-2007 Rodolfo Giometti <giometti@linux.it>
[    1.743765] PTP clock support registered
[    1.743765] EDAC MC: Ver: 3.0.0
[    1.747714] PCI: Using ACPI for IRQ routing
[    1.780427] PCI: pci_cache_line_size set to 64 bytes
[    1.781731] e820: reserve RAM buffer [mem 0x0009e800-0x0009ffff]
[    1.781733] e820: reserve RAM buffer [mem 0xbfed0000-0xbfffffff]
[    1.782280] NetLabel: Initializing
[    1.782281] NetLabel:  domain hash size = 128
[    1.782281] NetLabel:  protocols = UNLABELED CIPSOv4 CALIPSO
[    1.782500] NetLabel:  unlabeled traffic allowed by default
[    1.786998] hpet0: at MMIO 0xfed00000, IRQs 2, 8, 0, 0, 0, 0, 0, 0, 0, 0, 0, 0, 0, 0, 0, 0
[    1.787000] hpet0: 16 comparators, 64-bit 14.318180 MHz counter
[    1.789145] clocksource: Switched to clocksource tsc-early
[    1.851835] *** VALIDATE bpf ***
[    1.852029] VFS: Disk quotas dquot_6.6.0
[    1.852086] VFS: Dquot-cache hash table entries: 512 (order 0, 4096 bytes)
[    1.852106] *** VALIDATE ramfs ***
[    1.852112] *** VALIDATE hugetlbfs ***
[    1.852781] AppArmor: AppArmor Filesystem Enabled
[    1.852803] pnp: PnP ACPI init
[    1.853080] system 00:00: [io  0x1000-0x103f] has been reserved
[    1.853081] system 00:00: [io  0x1040-0x104f] has been reserved
[    1.853082] system 00:00: [io  0x0cf0-0x0cf1] has been reserved
[    1.853086] system 00:00: Plug and Play ACPI device, IDs PNP0c02 (active)
[    1.853224] pnp 00:01: Plug and Play ACPI device, IDs PNP0b00 (active)
[    1.853457] pnp 00:02: Plug and Play ACPI device, IDs PNP0303 (active)
[    1.853533] pnp 00:03: Plug and Play ACPI device, IDs VMW0003 PNP0f13 (active)
[    1.853811] system 00:04: [mem 0xfed00000-0xfed003ff] has been reserved
[    1.853813] system 00:04: Plug and Play ACPI device, IDs PNP0103 PNP0c01 (active)
[    1.855873] pnp 00:05: Plug and Play ACPI device, IDs PNP0501 (active)
[    1.856490] system 00:06: [io  0xfce0-0xfcff] has been reserved
[    1.856492] system 00:06: [mem 0xf0000000-0xf7ffffff] has been reserved
[    1.856493] system 00:06: [mem 0xfe800000-0xfe9fffff] has been reserved
[    1.856496] system 00:06: Plug and Play ACPI device, IDs PNP0c02 (active)
[    1.891562] pnp: PnP ACPI: found 7 devices
[    1.905527] thermal_sys: Registered thermal governor 'fair_share'
[    1.905528] thermal_sys: Registered thermal governor 'bang_bang'
[    1.905529] thermal_sys: Registered thermal governor 'step_wise'
[    1.905529] thermal_sys: Registered thermal governor 'user_space'
[    1.905530] thermal_sys: Registered thermal governor 'power_allocator'
[    1.910139] clocksource: acpi_pm: mask: 0xffffff max_cycles: 0xffffff, max_idle_ns: 2085701024 ns
[    1.910208] pci 0000:00:15.3: bridge window [io  0x1000-0x0fff] to [bus 06] add_size 1000
[    1.910209] pci 0000:00:15.4: bridge window [io  0x1000-0x0fff] to [bus 07] add_size 1000
[    1.910210] pci 0000:00:15.5: bridge window [io  0x1000-0x0fff] to [bus 08] add_size 1000
[    1.910211] pci 0000:00:15.6: bridge window [io  0x1000-0x0fff] to [bus 09] add_size 1000
[    1.910212] pci 0000:00:15.7: bridge window [io  0x1000-0x0fff] to [bus 0a] add_size 1000
[    1.910214] pci 0000:00:16.3: bridge window [io  0x1000-0x0fff] to [bus 0e] add_size 1000
[    1.910324] pci 0000:00:16.4: bridge window [io  0x1000-0x0fff] to [bus 0f] add_size 1000
[    1.910326] pci 0000:00:16.5: bridge window [io  0x1000-0x0fff] to [bus 10] add_size 1000
[    1.910327] pci 0000:00:16.6: bridge window [io  0x1000-0x0fff] to [bus 11] add_size 1000
[    1.910328] pci 0000:00:16.7: bridge window [io  0x1000-0x0fff] to [bus 12] add_size 1000
[    1.910329] pci 0000:00:17.3: bridge window [io  0x1000-0x0fff] to [bus 16] add_size 1000
[    1.910330] pci 0000:00:17.4: bridge window [io  0x1000-0x0fff] to [bus 17] add_size 1000
[    1.910331] pci 0000:00:17.5: bridge window [io  0x1000-0x0fff] to [bus 18] add_size 1000
[    1.910332] pci 0000:00:17.6: bridge window [io  0x1000-0x0fff] to [bus 19] add_size 1000
[    1.910333] pci 0000:00:17.7: bridge window [io  0x1000-0x0fff] to [bus 1a] add_size 1000
[    1.910335] pci 0000:00:18.2: bridge window [io  0x1000-0x0fff] to [bus 1d] add_size 1000
[    1.910336] pci 0000:00:18.3: bridge window [io  0x1000-0x0fff] to [bus 1e] add_size 1000
[    1.910337] pci 0000:00:18.4: bridge window [io  0x1000-0x0fff] to [bus 1f] add_size 1000
[    1.910338] pci 0000:00:18.5: bridge window [io  0x1000-0x0fff] to [bus 20] add_size 1000
[    1.910339] pci 0000:00:18.6: bridge window [io  0x1000-0x0fff] to [bus 21] add_size 1000
[    1.910340] pci 0000:00:18.7: bridge window [io  0x1000-0x0fff] to [bus 22] add_size 1000
[    1.910451] pci 0000:00:0f.0: BAR 6: assigned [mem 0xc0000000-0xc0007fff pref]
[    1.910453] pci 0000:00:10.0: BAR 6: assigned [mem 0xc0008000-0xc000bfff pref]
[    1.910455] pci 0000:00:15.3: BAR 13: no space for [io  size 0x1000]
[    1.910456] pci 0000:00:15.3: BAR 13: failed to assign [io  size 0x1000]
[    1.910457] pci 0000:00:15.4: BAR 13: no space for [io  size 0x1000]
[    1.910457] pci 0000:00:15.4: BAR 13: failed to assign [io  size 0x1000]
[    1.910458] pci 0000:00:15.5: BAR 13: no space for [io  size 0x1000]
[    1.910459] pci 0000:00:15.5: BAR 13: failed to assign [io  size 0x1000]
[    1.910460] pci 0000:00:15.6: BAR 13: no space for [io  size 0x1000]
[    1.910460] pci 0000:00:15.6: BAR 13: failed to assign [io  size 0x1000]
[    1.910461] pci 0000:00:15.7: BAR 13: no space for [io  size 0x1000]
[    1.910461] pci 0000:00:15.7: BAR 13: failed to assign [io  size 0x1000]
[    1.910462] pci 0000:00:16.3: BAR 13: no space for [io  size 0x1000]
[    1.910463] pci 0000:00:16.3: BAR 13: failed to assign [io  size 0x1000]
[    1.910463] pci 0000:00:16.4: BAR 13: no space for [io  size 0x1000]
[    1.910464] pci 0000:00:16.4: BAR 13: failed to assign [io  size 0x1000]
[    1.910465] pci 0000:00:16.5: BAR 13: no space for [io  size 0x1000]
[    1.910465] pci 0000:00:16.5: BAR 13: failed to assign [io  size 0x1000]
[    1.910466] pci 0000:00:16.6: BAR 13: no space for [io  size 0x1000]
[    1.910466] pci 0000:00:16.6: BAR 13: failed to assign [io  size 0x1000]
[    1.910467] pci 0000:00:16.7: BAR 13: no space for [io  size 0x1000]
[    1.910468] pci 0000:00:16.7: BAR 13: failed to assign [io  size 0x1000]
[    1.910468] pci 0000:00:17.3: BAR 13: no space for [io  size 0x1000]
[    1.910469] pci 0000:00:17.3: BAR 13: failed to assign [io  size 0x1000]
[    1.910470] pci 0000:00:17.4: BAR 13: no space for [io  size 0x1000]
[    1.910470] pci 0000:00:17.4: BAR 13: failed to assign [io  size 0x1000]
[    1.910491] pci 0000:00:17.5: BAR 13: no space for [io  size 0x1000]
[    1.910492] pci 0000:00:17.5: BAR 13: failed to assign [io  size 0x1000]
[    1.910493] pci 0000:00:17.6: BAR 13: no space for [io  size 0x1000]
[    1.910493] pci 0000:00:17.6: BAR 13: failed to assign [io  size 0x1000]
[    1.910494] pci 0000:00:17.7: BAR 13: no space for [io  size 0x1000]
[    1.910494] pci 0000:00:17.7: BAR 13: failed to assign [io  size 0x1000]
[    1.910495] pci 0000:00:18.2: BAR 13: no space for [io  size 0x1000]
[    1.910496] pci 0000:00:18.2: BAR 13: failed to assign [io  size 0x1000]
[    1.910497] pci 0000:00:18.3: BAR 13: no space for [io  size 0x1000]
[    1.910497] pci 0000:00:18.3: BAR 13: failed to assign [io  size 0x1000]
[    1.910498] pci 0000:00:18.4: BAR 13: no space for [io  size 0x1000]
[    1.910498] pci 0000:00:18.4: BAR 13: failed to assign [io  size 0x1000]
[    1.910499] pci 0000:00:18.5: BAR 13: no space for [io  size 0x1000]
[    1.910500] pci 0000:00:18.5: BAR 13: failed to assign [io  size 0x1000]
[    1.910500] pci 0000:00:18.6: BAR 13: no space for [io  size 0x1000]
[    1.910501] pci 0000:00:18.6: BAR 13: failed to assign [io  size 0x1000]
[    1.910502] pci 0000:00:18.7: BAR 13: no space for [io  size 0x1000]
[    1.910502] pci 0000:00:18.7: BAR 13: failed to assign [io  size 0x1000]
[    1.910505] pci 0000:00:18.7: BAR 13: no space for [io  size 0x1000]
[    1.910505] pci 0000:00:18.7: BAR 13: failed to assign [io  size 0x1000]
[    1.910506] pci 0000:00:18.6: BAR 13: no space for [io  size 0x1000]
[    1.910506] pci 0000:00:18.6: BAR 13: failed to assign [io  size 0x1000]
[    1.910507] pci 0000:00:18.5: BAR 13: no space for [io  size 0x1000]
[    1.910508] pci 0000:00:18.5: BAR 13: failed to assign [io  size 0x1000]
[    1.910508] pci 0000:00:18.4: BAR 13: no space for [io  size 0x1000]
[    1.910509] pci 0000:00:18.4: BAR 13: failed to assign [io  size 0x1000]
[    1.910510] pci 0000:00:18.3: BAR 13: no space for [io  size 0x1000]
[    1.910510] pci 0000:00:18.3: BAR 13: failed to assign [io  size 0x1000]
[    1.910511] pci 0000:00:18.2: BAR 13: no space for [io  size 0x1000]
[    1.910512] pci 0000:00:18.2: BAR 13: failed to assign [io  size 0x1000]
[    1.910512] pci 0000:00:17.7: BAR 13: no space for [io  size 0x1000]
[    1.910513] pci 0000:00:17.7: BAR 13: failed to assign [io  size 0x1000]
[    1.910514] pci 0000:00:17.6: BAR 13: no space for [io  size 0x1000]
[    1.910514] pci 0000:00:17.6: BAR 13: failed to assign [io  size 0x1000]
[    1.910515] pci 0000:00:17.5: BAR 13: no space for [io  size 0x1000]
[    1.910515] pci 0000:00:17.5: BAR 13: failed to assign [io  size 0x1000]
[    1.910516] pci 0000:00:17.4: BAR 13: no space for [io  size 0x1000]
[    1.910517] pci 0000:00:17.4: BAR 13: failed to assign [io  size 0x1000]
[    1.910518] pci 0000:00:17.3: BAR 13: no space for [io  size 0x1000]
[    1.910518] pci 0000:00:17.3: BAR 13: failed to assign [io  size 0x1000]
[    1.910519] pci 0000:00:16.7: BAR 13: no space for [io  size 0x1000]
[    1.910519] pci 0000:00:16.7: BAR 13: failed to assign [io  size 0x1000]
[    1.910520] pci 0000:00:16.6: BAR 13: no space for [io  size 0x1000]
[    1.910521] pci 0000:00:16.6: BAR 13: failed to assign [io  size 0x1000]
[    1.910521] pci 0000:00:16.5: BAR 13: no space for [io  size 0x1000]
[    1.910522] pci 0000:00:16.5: BAR 13: failed to assign [io  size 0x1000]
[    1.910523] pci 0000:00:16.4: BAR 13: no space for [io  size 0x1000]
[    1.910523] pci 0000:00:16.4: BAR 13: failed to assign [io  size 0x1000]
[    1.910524] pci 0000:00:16.3: BAR 13: no space for [io  size 0x1000]
[    1.910525] pci 0000:00:16.3: BAR 13: failed to assign [io  size 0x1000]
[    1.910525] pci 0000:00:15.7: BAR 13: no space for [io  size 0x1000]
[    1.910526] pci 0000:00:15.7: BAR 13: failed to assign [io  size 0x1000]
[    1.910527] pci 0000:00:15.6: BAR 13: no space for [io  size 0x1000]
[    1.910527] pci 0000:00:15.6: BAR 13: failed to assign [io  size 0x1000]
[    1.910528] pci 0000:00:15.5: BAR 13: no space for [io  size 0x1000]
[    1.910529] pci 0000:00:15.5: BAR 13: failed to assign [io  size 0x1000]
[    1.910529] pci 0000:00:15.4: BAR 13: no space for [io  size 0x1000]
[    1.910530] pci 0000:00:15.4: BAR 13: failed to assign [io  size 0x1000]
[    1.910531] pci 0000:00:15.3: BAR 13: no space for [io  size 0x1000]
[    1.910531] pci 0000:00:15.3: BAR 13: failed to assign [io  size 0x1000]
[    1.910533] pci 0000:00:01.0: PCI bridge to [bus 01]
[    1.910666] pci 0000:02:01.0: BAR 6: assigned [mem 0xfd500000-0xfd50ffff pref]
[    1.910667] pci 0000:02:05.0: BAR 6: assigned [mem 0xfd510000-0xfd51ffff pref]
[    1.910668] pci 0000:00:11.0: PCI bridge to [bus 02]
[    1.910684] pci 0000:00:11.0:   bridge window [io  0x2000-0x3fff]
[    1.910728] pci 0000:00:11.0:   bridge window [mem 0xfd500000-0xfdffffff]
[    1.910755] pci 0000:00:11.0:   bridge window [mem 0xe7b00000-0xe7ffffff 64bit pref]
[    1.910810] pci 0000:00:15.0: PCI bridge to [bus 03]
[    1.910829] pci 0000:00:15.0:   bridge window [io  0x4000-0x4fff]
[    1.910870] pci 0000:00:15.0:   bridge window [mem 0xfd400000-0xfd4fffff]
[    1.910902] pci 0000:00:15.0:   bridge window [mem 0xe7a00000-0xe7afffff 64bit pref]
[    1.910999] pci 0000:00:15.1: PCI bridge to [bus 04]
[    1.911015] pci 0000:00:15.1:   bridge window [io  0x8000-0x8fff]
[    1.911059] pci 0000:00:15.1:   bridge window [mem 0xfd000000-0xfd0fffff]
[    1.911086] pci 0000:00:15.1:   bridge window [mem 0xe7600000-0xe76fffff 64bit pref]
[    1.911159] pci 0000:00:15.2: PCI bridge to [bus 05]
[    1.911179] pci 0000:00:15.2:   bridge window [io  0xc000-0xcfff]
[    1.911221] pci 0000:00:15.2:   bridge window [mem 0xfcc00000-0xfccfffff]
[    1.911252] pci 0000:00:15.2:   bridge window [mem 0xe7200000-0xe72fffff 64bit pref]
[    1.911329] pci 0000:00:15.3: PCI bridge to [bus 06]
[    1.911375] pci 0000:00:15.3:   bridge window [mem 0xfc800000-0xfc8fffff]
[    1.911404] pci 0000:00:15.3:   bridge window [mem 0xe6e00000-0xe6efffff 64bit pref]
[    1.911474] pci 0000:00:15.4: PCI bridge to [bus 07]
[    1.911542] pci 0000:00:15.4:   bridge window [mem 0xfc400000-0xfc4fffff]
[    1.911570] pci 0000:00:15.4:   bridge window [mem 0xe6a00000-0xe6afffff 64bit pref]
[    1.911644] pci 0000:00:15.5: PCI bridge to [bus 08]
[    1.911694] pci 0000:00:15.5:   bridge window [mem 0xfc000000-0xfc0fffff]
[    1.911725] pci 0000:00:15.5:   bridge window [mem 0xe6600000-0xe66fffff 64bit pref]
[    1.911802] pci 0000:00:15.6: PCI bridge to [bus 09]
[    1.911883] pci 0000:00:15.6:   bridge window [mem 0xfbc00000-0xfbcfffff]
[    1.911940] pci 0000:00:15.6:   bridge window [mem 0xe6200000-0xe62fffff 64bit pref]
[    1.912018] pci 0000:00:15.7: PCI bridge to [bus 0a]
[    1.912113] pci 0000:00:15.7:   bridge window [mem 0xfb800000-0xfb8fffff]
[    1.912142] pci 0000:00:15.7:   bridge window [mem 0xe5e00000-0xe5efffff 64bit pref]
[    1.912221] pci 0000:00:16.0: PCI bridge to [bus 0b]
[    1.912237] pci 0000:00:16.0:   bridge window [io  0x5000-0x5fff]
[    1.912282] pci 0000:00:16.0:   bridge window [mem 0xfd300000-0xfd3fffff]
[    1.912313] pci 0000:00:16.0:   bridge window [mem 0xe7900000-0xe79fffff 64bit pref]
[    1.912383] pci 0000:00:16.1: PCI bridge to [bus 0c]
[    1.912419] pci 0000:00:16.1:   bridge window [io  0x9000-0x9fff]
[    1.912465] pci 0000:00:16.1:   bridge window [mem 0xfcf00000-0xfcffffff]
[    1.912494] pci 0000:00:16.1:   bridge window [mem 0xe7500000-0xe75fffff 64bit pref]
[    1.912566] pci 0000:00:16.2: PCI bridge to [bus 0d]
[    1.912583] pci 0000:00:16.2:   bridge window [io  0xd000-0xdfff]
[    1.912656] pci 0000:00:16.2:   bridge window [mem 0xfcb00000-0xfcbfffff]
[    1.912709] pci 0000:00:16.2:   bridge window [mem 0xe7100000-0xe71fffff 64bit pref]
[    1.912786] pci 0000:00:16.3: PCI bridge to [bus 0e]
[    1.912830] pci 0000:00:16.3:   bridge window [mem 0xfc700000-0xfc7fffff]
[    1.912863] pci 0000:00:16.3:   bridge window [mem 0xe6d00000-0xe6dfffff 64bit pref]
[    1.912937] pci 0000:00:16.4: PCI bridge to [bus 0f]
[    1.912984] pci 0000:00:16.4:   bridge window [mem 0xfc300000-0xfc3fffff]
[    1.913013] pci 0000:00:16.4:   bridge window [mem 0xe6900000-0xe69fffff 64bit pref]
[    1.913087] pci 0000:00:16.5: PCI bridge to [bus 10]
[    1.913134] pci 0000:00:16.5:   bridge window [mem 0xfbf00000-0xfbffffff]
[    1.913162] pci 0000:00:16.5:   bridge window [mem 0xe6500000-0xe65fffff 64bit pref]
[    1.913235] pci 0000:00:16.6: PCI bridge to [bus 11]
[    1.913283] pci 0000:00:16.6:   bridge window [mem 0xfbb00000-0xfbbfffff]
[    1.913315] pci 0000:00:16.6:   bridge window [mem 0xe6100000-0xe61fffff 64bit pref]
[    1.913388] pci 0000:00:16.7: PCI bridge to [bus 12]
[    1.913433] pci 0000:00:16.7:   bridge window [mem 0xfb700000-0xfb7fffff]
[    1.913486] pci 0000:00:16.7:   bridge window [mem 0xe5d00000-0xe5dfffff 64bit pref]
[    1.913562] pci 0000:00:17.0: PCI bridge to [bus 13]
[    1.913579] pci 0000:00:17.0:   bridge window [io  0x6000-0x6fff]
[    1.913627] pci 0000:00:17.0:   bridge window [mem 0xfd200000-0xfd2fffff]
[    1.913655] pci 0000:00:17.0:   bridge window [mem 0xe7800000-0xe78fffff 64bit pref]
[    1.913731] pci 0000:00:17.1: PCI bridge to [bus 14]
[    1.913752] pci 0000:00:17.1:   bridge window [io  0xa000-0xafff]
[    1.913796] pci 0000:00:17.1:   bridge window [mem 0xfce00000-0xfcefffff]
[    1.913830] pci 0000:00:17.1:   bridge window [mem 0xe7400000-0xe74fffff 64bit pref]
[    1.913905] pci 0000:00:17.2: PCI bridge to [bus 15]
[    1.913922] pci 0000:00:17.2:   bridge window [io  0xe000-0xefff]
[    1.913983] pci 0000:00:17.2:   bridge window [mem 0xfca00000-0xfcafffff]
[    1.914018] pci 0000:00:17.2:   bridge window [mem 0xe7000000-0xe70fffff 64bit pref]
[    1.914093] pci 0000:00:17.3: PCI bridge to [bus 16]
[    1.914140] pci 0000:00:17.3:   bridge window [mem 0xfc600000-0xfc6fffff]
[    1.914169] pci 0000:00:17.3:   bridge window [mem 0xe6c00000-0xe6cfffff 64bit pref]
[    1.914243] pci 0000:00:17.4: PCI bridge to [bus 17]
[    1.914292] pci 0000:00:17.4:   bridge window [mem 0xfc200000-0xfc2fffff]
[    1.914320] pci 0000:00:17.4:   bridge window [mem 0xe6800000-0xe68fffff 64bit pref]
[    1.914394] pci 0000:00:17.5: PCI bridge to [bus 18]
[    1.914442] pci 0000:00:17.5:   bridge window [mem 0xfbe00000-0xfbefffff]
[    1.914495] pci 0000:00:17.5:   bridge window [mem 0xe6400000-0xe64fffff 64bit pref]
[    1.914571] pci 0000:00:17.6: PCI bridge to [bus 19]
[    1.914616] pci 0000:00:17.6:   bridge window [mem 0xfba00000-0xfbafffff]
[    1.914650] pci 0000:00:17.6:   bridge window [mem 0xe6000000-0xe60fffff 64bit pref]
[    1.914725] pci 0000:00:17.7: PCI bridge to [bus 1a]
[    1.914774] pci 0000:00:17.7:   bridge window [mem 0xfb600000-0xfb6fffff]
[    1.914804] pci 0000:00:17.7:   bridge window [mem 0xe5c00000-0xe5cfffff 64bit pref]
[    1.914880] pci 0000:00:18.0: PCI bridge to [bus 1b]
[    1.914897] pci 0000:00:18.0:   bridge window [io  0x7000-0x7fff]
[    1.914945] pci 0000:00:18.0:   bridge window [mem 0xfd100000-0xfd1fffff]
[    1.914978] pci 0000:00:18.0:   bridge window [mem 0xe7700000-0xe77fffff 64bit pref]
[    1.915055] pci 0000:00:18.1: PCI bridge to [bus 1c]
[    1.915073] pci 0000:00:18.1:   bridge window [io  0xb000-0xbfff]
[    1.915120] pci 0000:00:18.1:   bridge window [mem 0xfcd00000-0xfcdfffff]
[    1.915151] pci 0000:00:18.1:   bridge window [mem 0xe7300000-0xe73fffff 64bit pref]
[    1.915228] pci 0000:00:18.2: PCI bridge to [bus 1d]
[    1.915277] pci 0000:00:18.2:   bridge window [mem 0xfc900000-0xfc9fffff]
[    1.915306] pci 0000:00:18.2:   bridge window [mem 0xe6f00000-0xe6ffffff 64bit pref]
[    1.915383] pci 0000:00:18.3: PCI bridge to [bus 1e]
[    1.915433] pci 0000:00:18.3:   bridge window [mem 0xfc500000-0xfc5fffff]
[    1.915465] pci 0000:00:18.3:   bridge window [mem 0xe6b00000-0xe6bfffff 64bit pref]
[    1.915545] pci 0000:00:18.4: PCI bridge to [bus 1f]
[    1.915591] pci 0000:00:18.4:   bridge window [mem 0xfc100000-0xfc1fffff]
[    1.915626] pci 0000:00:18.4:   bridge window [mem 0xe6700000-0xe67fffff 64bit pref]
[    1.915703] pci 0000:00:18.5: PCI bridge to [bus 20]
[    1.915752] pci 0000:00:18.5:   bridge window [mem 0xfbd00000-0xfbdfffff]
[    1.915782] pci 0000:00:18.5:   bridge window [mem 0xe6300000-0xe63fffff 64bit pref]
[    1.915859] pci 0000:00:18.6: PCI bridge to [bus 21]
[    1.915909] pci 0000:00:18.6:   bridge window [mem 0xfb900000-0xfb9fffff]
[    1.915938] pci 0000:00:18.6:   bridge window [mem 0xe5f00000-0xe5ffffff 64bit pref]
[    1.916015] pci 0000:00:18.7: PCI bridge to [bus 22]
[    1.916065] pci 0000:00:18.7:   bridge window [mem 0xfb500000-0xfb5fffff]
[    1.916098] pci 0000:00:18.7:   bridge window [mem 0xe5b00000-0xe5bfffff 64bit pref]
[    1.916176] pci_bus 0000:00: resource 4 [mem 0x000a0000-0x000bffff window]
[    1.916177] pci_bus 0000:00: resource 5 [mem 0x000d0000-0x000d3fff window]
[    1.916178] pci_bus 0000:00: resource 6 [mem 0x000d4000-0x000d7fff window]
[    1.916178] pci_bus 0000:00: resource 7 [mem 0x000d8000-0x000dbfff window]
[    1.916179] pci_bus 0000:00: resource 8 [mem 0xc0000000-0xfebfffff window]
[    1.916180] pci_bus 0000:00: resource 9 [io  0x0000-0x0cf7 window]
[    1.916180] pci_bus 0000:00: resource 10 [io  0x0d00-0xfeff window]
[    1.916182] pci_bus 0000:02: resource 0 [io  0x2000-0x3fff]
[    1.916183] pci_bus 0000:02: resource 1 [mem 0xfd500000-0xfdffffff]
[    1.916184] pci_bus 0000:02: resource 2 [mem 0xe7b00000-0xe7ffffff 64bit pref]
[    1.916184] pci_bus 0000:02: resource 4 [mem 0x000a0000-0x000bffff window]
[    1.916185] pci_bus 0000:02: resource 5 [mem 0x000d0000-0x000d3fff window]
[    1.916185] pci_bus 0000:02: resource 6 [mem 0x000d4000-0x000d7fff window]
[    1.916186] pci_bus 0000:02: resource 7 [mem 0x000d8000-0x000dbfff window]
[    1.916187] pci_bus 0000:02: resource 8 [mem 0xc0000000-0xfebfffff window]
[    1.916187] pci_bus 0000:02: resource 9 [io  0x0000-0x0cf7 window]
[    1.916188] pci_bus 0000:02: resource 10 [io  0x0d00-0xfeff window]
[    1.916189] pci_bus 0000:03: resource 0 [io  0x4000-0x4fff]
[    1.916190] pci_bus 0000:03: resource 1 [mem 0xfd400000-0xfd4fffff]
[    1.916190] pci_bus 0000:03: resource 2 [mem 0xe7a00000-0xe7afffff 64bit pref]
[    1.916191] pci_bus 0000:04: resource 0 [io  0x8000-0x8fff]
[    1.916192] pci_bus 0000:04: resource 1 [mem 0xfd000000-0xfd0fffff]
[    1.916192] pci_bus 0000:04: resource 2 [mem 0xe7600000-0xe76fffff 64bit pref]
[    1.916193] pci_bus 0000:05: resource 0 [io  0xc000-0xcfff]
[    1.916194] pci_bus 0000:05: resource 1 [mem 0xfcc00000-0xfccfffff]
[    1.916194] pci_bus 0000:05: resource 2 [mem 0xe7200000-0xe72fffff 64bit pref]
[    1.916195] pci_bus 0000:06: resource 1 [mem 0xfc800000-0xfc8fffff]
[    1.916196] pci_bus 0000:06: resource 2 [mem 0xe6e00000-0xe6efffff 64bit pref]
[    1.916197] pci_bus 0000:07: resource 1 [mem 0xfc400000-0xfc4fffff]
[    1.916197] pci_bus 0000:07: resource 2 [mem 0xe6a00000-0xe6afffff 64bit pref]
[    1.916198] pci_bus 0000:08: resource 1 [mem 0xfc000000-0xfc0fffff]
[    1.916199] pci_bus 0000:08: resource 2 [mem 0xe6600000-0xe66fffff 64bit pref]
[    1.916199] pci_bus 0000:09: resource 1 [mem 0xfbc00000-0xfbcfffff]
[    1.916200] pci_bus 0000:09: resource 2 [mem 0xe6200000-0xe62fffff 64bit pref]
[    1.916201] pci_bus 0000:0a: resource 1 [mem 0xfb800000-0xfb8fffff]
[    1.916201] pci_bus 0000:0a: resource 2 [mem 0xe5e00000-0xe5efffff 64bit pref]
[    1.916202] pci_bus 0000:0b: resource 0 [io  0x5000-0x5fff]
[    1.916203] pci_bus 0000:0b: resource 1 [mem 0xfd300000-0xfd3fffff]
[    1.916203] pci_bus 0000:0b: resource 2 [mem 0xe7900000-0xe79fffff 64bit pref]
[    1.916204] pci_bus 0000:0c: resource 0 [io  0x9000-0x9fff]
[    1.916205] pci_bus 0000:0c: resource 1 [mem 0xfcf00000-0xfcffffff]
[    1.916205] pci_bus 0000:0c: resource 2 [mem 0xe7500000-0xe75fffff 64bit pref]
[    1.916206] pci_bus 0000:0d: resource 0 [io  0xd000-0xdfff]
[    1.916206] pci_bus 0000:0d: resource 1 [mem 0xfcb00000-0xfcbfffff]
[    1.916207] pci_bus 0000:0d: resource 2 [mem 0xe7100000-0xe71fffff 64bit pref]
[    1.916208] pci_bus 0000:0e: resource 1 [mem 0xfc700000-0xfc7fffff]
[    1.916208] pci_bus 0000:0e: resource 2 [mem 0xe6d00000-0xe6dfffff 64bit pref]
[    1.916209] pci_bus 0000:0f: resource 1 [mem 0xfc300000-0xfc3fffff]
[    1.916210] pci_bus 0000:0f: resource 2 [mem 0xe6900000-0xe69fffff 64bit pref]
[    1.916210] pci_bus 0000:10: resource 1 [mem 0xfbf00000-0xfbffffff]
[    1.916211] pci_bus 0000:10: resource 2 [mem 0xe6500000-0xe65fffff 64bit pref]
[    1.916212] pci_bus 0000:11: resource 1 [mem 0xfbb00000-0xfbbfffff]
[    1.916212] pci_bus 0000:11: resource 2 [mem 0xe6100000-0xe61fffff 64bit pref]
[    1.916213] pci_bus 0000:12: resource 1 [mem 0xfb700000-0xfb7fffff]
[    1.916213] pci_bus 0000:12: resource 2 [mem 0xe5d00000-0xe5dfffff 64bit pref]
[    1.916214] pci_bus 0000:13: resource 0 [io  0x6000-0x6fff]
[    1.916214] pci_bus 0000:13: resource 1 [mem 0xfd200000-0xfd2fffff]
[    1.916215] pci_bus 0000:13: resource 2 [mem 0xe7800000-0xe78fffff 64bit pref]
[    1.916216] pci_bus 0000:14: resource 0 [io  0xa000-0xafff]
[    1.916216] pci_bus 0000:14: resource 1 [mem 0xfce00000-0xfcefffff]
[    1.916217] pci_bus 0000:14: resource 2 [mem 0xe7400000-0xe74fffff 64bit pref]
[    1.916218] pci_bus 0000:15: resource 0 [io  0xe000-0xefff]
[    1.916218] pci_bus 0000:15: resource 1 [mem 0xfca00000-0xfcafffff]
[    1.916219] pci_bus 0000:15: resource 2 [mem 0xe7000000-0xe70fffff 64bit pref]
[    1.916219] pci_bus 0000:16: resource 1 [mem 0xfc600000-0xfc6fffff]
[    1.916220] pci_bus 0000:16: resource 2 [mem 0xe6c00000-0xe6cfffff 64bit pref]
[    1.916221] pci_bus 0000:17: resource 1 [mem 0xfc200000-0xfc2fffff]
[    1.916221] pci_bus 0000:17: resource 2 [mem 0xe6800000-0xe68fffff 64bit pref]
[    1.916222] pci_bus 0000:18: resource 1 [mem 0xfbe00000-0xfbefffff]
[    1.916222] pci_bus 0000:18: resource 2 [mem 0xe6400000-0xe64fffff 64bit pref]
[    1.916223] pci_bus 0000:19: resource 1 [mem 0xfba00000-0xfbafffff]
[    1.916224] pci_bus 0000:19: resource 2 [mem 0xe6000000-0xe60fffff 64bit pref]
[    1.916224] pci_bus 0000:1a: resource 1 [mem 0xfb600000-0xfb6fffff]
[    1.916225] pci_bus 0000:1a: resource 2 [mem 0xe5c00000-0xe5cfffff 64bit pref]
[    1.916226] pci_bus 0000:1b: resource 0 [io  0x7000-0x7fff]
[    1.916226] pci_bus 0000:1b: resource 1 [mem 0xfd100000-0xfd1fffff]
[    1.916227] pci_bus 0000:1b: resource 2 [mem 0xe7700000-0xe77fffff 64bit pref]
[    1.916228] pci_bus 0000:1c: resource 0 [io  0xb000-0xbfff]
[    1.916228] pci_bus 0000:1c: resource 1 [mem 0xfcd00000-0xfcdfffff]
[    1.916229] pci_bus 0000:1c: resource 2 [mem 0xe7300000-0xe73fffff 64bit pref]
[    1.916229] pci_bus 0000:1d: resource 1 [mem 0xfc900000-0xfc9fffff]
[    1.916230] pci_bus 0000:1d: resource 2 [mem 0xe6f00000-0xe6ffffff 64bit pref]
[    1.916231] pci_bus 0000:1e: resource 1 [mem 0xfc500000-0xfc5fffff]
[    1.916231] pci_bus 0000:1e: resource 2 [mem 0xe6b00000-0xe6bfffff 64bit pref]
[    1.916232] pci_bus 0000:1f: resource 1 [mem 0xfc100000-0xfc1fffff]
[    1.916233] pci_bus 0000:1f: resource 2 [mem 0xe6700000-0xe67fffff 64bit pref]
[    1.916233] pci_bus 0000:20: resource 1 [mem 0xfbd00000-0xfbdfffff]
[    1.916234] pci_bus 0000:20: resource 2 [mem 0xe6300000-0xe63fffff 64bit pref]
[    1.916234] pci_bus 0000:21: resource 1 [mem 0xfb900000-0xfb9fffff]
[    1.916235] pci_bus 0000:21: resource 2 [mem 0xe5f00000-0xe5ffffff 64bit pref]
[    1.916236] pci_bus 0000:22: resource 1 [mem 0xfb500000-0xfb5fffff]
[    1.916236] pci_bus 0000:22: resource 2 [mem 0xe5b00000-0xe5bfffff 64bit pref]
[    1.916488] NET: Registered protocol family 2
[    1.929565] tcp_listen_portaddr_hash hash table entries: 2048 (order: 3, 32768 bytes, linear)
[    1.931253] TCP established hash table entries: 32768 (order: 6, 262144 bytes, linear)
[    1.934782] TCP bind hash table entries: 32768 (order: 7, 524288 bytes, linear)
[    1.934819] TCP: Hash tables configured (established 32768 bind 32768)
[    1.938188] UDP hash table entries: 2048 (order: 4, 65536 bytes, linear)
[    1.938828] UDP-Lite hash table entries: 2048 (order: 4, 65536 bytes, linear)
[    1.940954] NET: Registered protocol family 1
[    1.940958] NET: Registered protocol family 44
[    1.940964] pci 0000:00:00.0: Limiting direct PCI/PCI transfers
[    1.941158] pci 0000:00:0f.0: Video device with shadowed ROM at [mem 0x000c0000-0x000dffff]
[    1.942963] pci 0000:02:01.0: CLS mismatch (32 != 64), using 64 bytes
[    1.944060] Trying to unpack rootfs image as initramfs...
[    3.021572] Freeing initrd memory: 48392K
[    3.021580] PCI-DMA: Using software bounce buffering for IO (SWIOTLB)
[    3.021581] software IO TLB: mapped [mem 0xbbed0000-0xbfed0000] (64MB)
[    3.021725] check: Scanning for low memory corruption every 60 seconds
[    3.024313] Initialise system trusted keyrings
[    3.024321] Key type blacklist registered
[    3.024443] workingset: timestamp_bits=36 max_order=20 bucket_order=0
[    3.028626] zbud: loaded
[    3.029146] squashfs: version 4.0 (2009/01/31) Phillip Lougher
[    3.029349] fuse: init (API version 7.31)
[    3.029360] *** VALIDATE fuse ***
[    3.029361] *** VALIDATE fuse ***
[    3.029438] Platform Keyring initialized
[    3.031456] Key type asymmetric registered
[    3.031456] Asymmetric key parser 'x509' registered
[    3.031462] Block layer SCSI generic (bsg) driver version 0.4 loaded (major 244)
[    3.031679] io scheduler mq-deadline registered
[    3.032468] pcieport 0000:00:15.0: PME: Signaling with IRQ 24
[    3.032578] pcieport 0000:00:15.0: pciehp: Slot #160 AttnBtn+ PwrCtrl+ MRL- AttnInd- PwrInd- HotPlug+ Surprise- Interlock- NoCompl+ LLActRep+
[    3.033940] pcieport 0000:00:15.1: PME: Signaling with IRQ 25
[    3.034066] pcieport 0000:00:15.1: pciehp: Slot #161 AttnBtn+ PwrCtrl+ MRL- AttnInd- PwrInd- HotPlug+ Surprise- Interlock- NoCompl+ LLActRep+
[    3.035341] pcieport 0000:00:15.2: PME: Signaling with IRQ 26
[    3.035452] pcieport 0000:00:15.2: pciehp: Slot #162 AttnBtn+ PwrCtrl+ MRL- AttnInd- PwrInd- HotPlug+ Surprise- Interlock- NoCompl+ LLActRep+
[    3.036856] pcieport 0000:00:15.3: PME: Signaling with IRQ 27
[    3.036979] pcieport 0000:00:15.3: pciehp: Slot #163 AttnBtn+ PwrCtrl+ MRL- AttnInd- PwrInd- HotPlug+ Surprise- Interlock- NoCompl+ LLActRep+
[    3.038267] pcieport 0000:00:15.4: PME: Signaling with IRQ 28
[    3.038390] pcieport 0000:00:15.4: pciehp: Slot #164 AttnBtn+ PwrCtrl+ MRL- AttnInd- PwrInd- HotPlug+ Surprise- Interlock- NoCompl+ LLActRep+
[    3.039699] pcieport 0000:00:15.5: PME: Signaling with IRQ 29
[    3.039807] pcieport 0000:00:15.5: pciehp: Slot #165 AttnBtn+ PwrCtrl+ MRL- AttnInd- PwrInd- HotPlug+ Surprise- Interlock- NoCompl+ LLActRep+
[    3.041078] pcieport 0000:00:15.6: PME: Signaling with IRQ 30
[    3.041187] pcieport 0000:00:15.6: pciehp: Slot #166 AttnBtn+ PwrCtrl+ MRL- AttnInd- PwrInd- HotPlug+ Surprise- Interlock- NoCompl+ LLActRep+
[    3.042441] pcieport 0000:00:15.7: PME: Signaling with IRQ 31
[    3.042559] pcieport 0000:00:15.7: pciehp: Slot #167 AttnBtn+ PwrCtrl+ MRL- AttnInd- PwrInd- HotPlug+ Surprise- Interlock- NoCompl+ LLActRep+
[    3.043850] pcieport 0000:00:16.0: PME: Signaling with IRQ 32
[    3.043961] pcieport 0000:00:16.0: pciehp: Slot #192 AttnBtn+ PwrCtrl+ MRL- AttnInd- PwrInd- HotPlug+ Surprise- Interlock- NoCompl+ LLActRep+
[    3.045258] pcieport 0000:00:16.1: PME: Signaling with IRQ 33
[    3.045371] pcieport 0000:00:16.1: pciehp: Slot #193 AttnBtn+ PwrCtrl+ MRL- AttnInd- PwrInd- HotPlug+ Surprise- Interlock- NoCompl+ LLActRep+
[    3.046957] pcieport 0000:00:16.2: PME: Signaling with IRQ 34
[    3.047066] pcieport 0000:00:16.2: pciehp: Slot #194 AttnBtn+ PwrCtrl+ MRL- AttnInd- PwrInd- HotPlug+ Surprise- Interlock- NoCompl+ LLActRep+
[    3.048459] pcieport 0000:00:16.3: PME: Signaling with IRQ 35
[    3.048565] pcieport 0000:00:16.3: pciehp: Slot #195 AttnBtn+ PwrCtrl+ MRL- AttnInd- PwrInd- HotPlug+ Surprise- Interlock- NoCompl+ LLActRep+
[    3.049900] pcieport 0000:00:16.4: PME: Signaling with IRQ 36
[    3.050038] pcieport 0000:00:16.4: pciehp: Slot #196 AttnBtn+ PwrCtrl+ MRL- AttnInd- PwrInd- HotPlug+ Surprise- Interlock- NoCompl+ LLActRep+
[    3.051228] pcieport 0000:00:16.5: PME: Signaling with IRQ 37
[    3.051336] pcieport 0000:00:16.5: pciehp: Slot #197 AttnBtn+ PwrCtrl+ MRL- AttnInd- PwrInd- HotPlug+ Surprise- Interlock- NoCompl+ LLActRep+
[    3.052557] pcieport 0000:00:16.6: PME: Signaling with IRQ 38
[    3.052673] pcieport 0000:00:16.6: pciehp: Slot #198 AttnBtn+ PwrCtrl+ MRL- AttnInd- PwrInd- HotPlug+ Surprise- Interlock- NoCompl+ LLActRep+
[    3.053913] pcieport 0000:00:16.7: PME: Signaling with IRQ 39
[    3.054049] pcieport 0000:00:16.7: pciehp: Slot #199 AttnBtn+ PwrCtrl+ MRL- AttnInd- PwrInd- HotPlug+ Surprise- Interlock- NoCompl+ LLActRep+
[    3.055328] pcieport 0000:00:17.0: PME: Signaling with IRQ 40
[    3.055537] pcieport 0000:00:17.0: pciehp: Slot #224 AttnBtn+ PwrCtrl+ MRL- AttnInd- PwrInd- HotPlug+ Surprise- Interlock- NoCompl+ LLActRep+
[    3.056823] pcieport 0000:00:17.1: PME: Signaling with IRQ 41
[    3.056929] pcieport 0000:00:17.1: pciehp: Slot #225 AttnBtn+ PwrCtrl+ MRL- AttnInd- PwrInd- HotPlug+ Surprise- Interlock- NoCompl+ LLActRep+
[    3.058468] pcieport 0000:00:17.2: PME: Signaling with IRQ 42
[    3.058580] pcieport 0000:00:17.2: pciehp: Slot #226 AttnBtn+ PwrCtrl+ MRL- AttnInd- PwrInd- HotPlug+ Surprise- Interlock- NoCompl+ LLActRep+
[    3.059806] pcieport 0000:00:17.3: PME: Signaling with IRQ 43
[    3.059977] pcieport 0000:00:17.3: pciehp: Slot #227 AttnBtn+ PwrCtrl+ MRL- AttnInd- PwrInd- HotPlug+ Surprise- Interlock- NoCompl+ LLActRep+
[    3.061214] pcieport 0000:00:17.4: PME: Signaling with IRQ 44
[    3.061393] pcieport 0000:00:17.4: pciehp: Slot #228 AttnBtn+ PwrCtrl+ MRL- AttnInd- PwrInd- HotPlug+ Surprise- Interlock- NoCompl+ LLActRep+
[    3.063035] pcieport 0000:00:17.5: PME: Signaling with IRQ 45
[    3.063285] pcieport 0000:00:17.5: pciehp: Slot #229 AttnBtn+ PwrCtrl+ MRL- AttnInd- PwrInd- HotPlug+ Surprise- Interlock- NoCompl+ LLActRep+
[    3.064878] pcieport 0000:00:17.6: PME: Signaling with IRQ 46
[    3.064985] pcieport 0000:00:17.6: pciehp: Slot #230 AttnBtn+ PwrCtrl+ MRL- AttnInd- PwrInd- HotPlug+ Surprise- Interlock- NoCompl+ LLActRep+
[    3.066407] pcieport 0000:00:17.7: PME: Signaling with IRQ 47
[    3.066549] pcieport 0000:00:17.7: pciehp: Slot #231 AttnBtn+ PwrCtrl+ MRL- AttnInd- PwrInd- HotPlug+ Surprise- Interlock- NoCompl+ LLActRep+
[    3.067845] pcieport 0000:00:18.0: PME: Signaling with IRQ 48
[    3.067953] pcieport 0000:00:18.0: pciehp: Slot #256 AttnBtn+ PwrCtrl+ MRL- AttnInd- PwrInd- HotPlug+ Surprise- Interlock- NoCompl+ LLActRep+
[    3.069349] pcieport 0000:00:18.1: PME: Signaling with IRQ 49
[    3.069456] pcieport 0000:00:18.1: pciehp: Slot #257 AttnBtn+ PwrCtrl+ MRL- AttnInd- PwrInd- HotPlug+ Surprise- Interlock- NoCompl+ LLActRep+
[    3.070677] pcieport 0000:00:18.2: PME: Signaling with IRQ 50
[    3.070788] pcieport 0000:00:18.2: pciehp: Slot #258 AttnBtn+ PwrCtrl+ MRL- AttnInd- PwrInd- HotPlug+ Surprise- Interlock- NoCompl+ LLActRep+
[    3.072119] pcieport 0000:00:18.3: PME: Signaling with IRQ 51
[    3.072228] pcieport 0000:00:18.3: pciehp: Slot #259 AttnBtn+ PwrCtrl+ MRL- AttnInd- PwrInd- HotPlug+ Surprise- Interlock- NoCompl+ LLActRep+
[    3.073508] pcieport 0000:00:18.4: PME: Signaling with IRQ 52
[    3.073624] pcieport 0000:00:18.4: pciehp: Slot #260 AttnBtn+ PwrCtrl+ MRL- AttnInd- PwrInd- HotPlug+ Surprise- Interlock- NoCompl+ LLActRep+
[    3.075077] pcieport 0000:00:18.5: PME: Signaling with IRQ 53
[    3.075186] pcieport 0000:00:18.5: pciehp: Slot #261 AttnBtn+ PwrCtrl+ MRL- AttnInd- PwrInd- HotPlug+ Surprise- Interlock- NoCompl+ LLActRep+
[    3.076409] pcieport 0000:00:18.6: PME: Signaling with IRQ 54
[    3.076517] pcieport 0000:00:18.6: pciehp: Slot #262 AttnBtn+ PwrCtrl+ MRL- AttnInd- PwrInd- HotPlug+ Surprise- Interlock- NoCompl+ LLActRep+
[    3.077719] pcieport 0000:00:18.7: PME: Signaling with IRQ 55
[    3.077829] pcieport 0000:00:18.7: pciehp: Slot #263 AttnBtn+ PwrCtrl+ MRL- AttnInd- PwrInd- HotPlug+ Surprise- Interlock- NoCompl+ LLActRep+
[    3.078697] shpchp: Standard Hot Plug PCI Controller Driver version: 0.4
[    3.078748] intel_idle: Please enable MWAIT in BIOS SETUP
[    3.079171] ACPI: AC Adapter [ACAD] (on-line)
[    3.079294] input: Power Button as /devices/LNXSYSTM:00/LNXPWRBN:00/input/input0
[    3.079332] ACPI: Power Button [PWRF]
[    3.080221] Serial: 8250/16550 driver, 32 ports, IRQ sharing enabled
[    3.104736] 00:05: ttyS0 at I/O 0x3f8 (irq = 4, base_baud = 115200) is a 16550A
[    3.105697] Linux agpgart interface v0.103
[    3.105862] agpgart-intel 0000:00:00.0: Intel 440BX Chipset
[    3.106438] agpgart-intel 0000:00:00.0: AGP aperture is 256M @ 0x0
[    3.145782] loop: module loaded
[    3.146353] ata_piix 0000:00:07.1: version 2.13
[    3.147404] scsi host0: ata_piix
[    3.147799] scsi host1: ata_piix
[    3.147899] ata1: PATA max UDMA/33 cmd 0x1f0 ctl 0x3f6 bmdma 0x1060 irq 14
[    3.147900] ata2: PATA max UDMA/33 cmd 0x170 ctl 0x376 bmdma 0x1068 irq 15
[    3.148005] libphy: Fixed MDIO Bus: probed
[    3.148005] tun: Universal TUN/TAP device driver, 1.6
[    3.148526] PPP generic driver version 2.4.2
[    3.148652] VFIO - User Level meta-driver version: 0.3
[    3.148909] ehci_hcd: USB 2.0 'Enhanced' Host Controller (EHCI) Driver
[    3.148911] ehci-pci: EHCI PCI platform driver
[    3.149315] ehci-pci 0000:02:03.0: EHCI Host Controller
[    3.149319] ehci-pci 0000:02:03.0: new USB bus registered, assigned bus number 1
[    3.149523] ehci-pci 0000:02:03.0: cache line size of 64 is not supported
[    3.149541] ehci-pci 0000:02:03.0: irq 17, io mem 0xfd5ef000
[    3.162511] ehci-pci 0000:02:03.0: USB 2.0 started, EHCI 1.00
[    3.162675] usb usb1: New USB device found, idVendor=1d6b, idProduct=0002, bcdDevice= 5.04
[    3.162677] usb usb1: New USB device strings: Mfr=3, Product=2, SerialNumber=1
[    3.162678] usb usb1: Product: EHCI Host Controller
[    3.162679] usb usb1: Manufacturer: Linux 5.4.0-52-generic ehci_hcd
[    3.162680] usb usb1: SerialNumber: 0000:02:03.0
[    3.162979] hub 1-0:1.0: USB hub found
[    3.162988] hub 1-0:1.0: 6 ports detected
[    3.163653] ehci-platform: EHCI generic platform driver
[    3.163666] ohci_hcd: USB 1.1 'Open' Host Controller (OHCI) Driver
[    3.163669] ohci-pci: OHCI PCI platform driver
[    3.163684] ohci-platform: OHCI generic platform driver
[    3.163689] uhci_hcd: USB Universal Host Controller Interface driver
[    3.164834] uhci_hcd 0000:02:00.0: UHCI Host Controller
[    3.164840] uhci_hcd 0000:02:00.0: new USB bus registered, assigned bus number 2
[    3.164923] uhci_hcd 0000:02:00.0: detected 2 ports
[    3.165244] uhci_hcd 0000:02:00.0: irq 18, io base 0x00002080
[    3.165456] usb usb2: New USB device found, idVendor=1d6b, idProduct=0001, bcdDevice= 5.04
[    3.165457] usb usb2: New USB device strings: Mfr=3, Product=2, SerialNumber=1
[    3.165458] usb usb2: Product: UHCI Host Controller
[    3.165459] usb usb2: Manufacturer: Linux 5.4.0-52-generic uhci_hcd
[    3.165460] usb usb2: SerialNumber: 0000:02:00.0
[    3.165633] hub 2-0:1.0: USB hub found
[    3.165638] hub 2-0:1.0: 2 ports detected
[    3.166515] i8042: PNP: PS/2 Controller [PNP0303:KBC,PNP0f13:MOUS] at 0x60,0x64 irq 1,12
[    3.168168] serio: i8042 KBD port at 0x60,0x64 irq 1
[    3.168177] serio: i8042 AUX port at 0x60,0x64 irq 12
[    3.168537] mousedev: PS/2 mouse device common for all mice
[    3.190406] rtc_cmos 00:01: registered as rtc0
[    3.190416] rtc_cmos 00:01: alarms up to one month, y3k, 114 bytes nvram, hpet irqs
[    3.190422] i2c /dev entries driver
[    3.190547] device-mapper: uevent: version 1.0.3
[    3.190769] device-mapper: ioctl: 4.41.0-ioctl (2019-09-16) initialised: dm-devel@redhat.com
[    3.190783] platform eisa.0: Probing EISA bus 0
[    3.190784] platform eisa.0: EISA: Cannot allocate resource for mainboard
[    3.190786] platform eisa.0: Cannot allocate resource for EISA slot 1
[    3.190786] platform eisa.0: Cannot allocate resource for EISA slot 2
[    3.190787] platform eisa.0: Cannot allocate resource for EISA slot 3
[    3.190787] platform eisa.0: Cannot allocate resource for EISA slot 4
[    3.190788] platform eisa.0: Cannot allocate resource for EISA slot 5
[    3.190788] platform eisa.0: Cannot allocate resource for EISA slot 6
[    3.190789] platform eisa.0: Cannot allocate resource for EISA slot 7
[    3.190789] platform eisa.0: Cannot allocate resource for EISA slot 8
[    3.190790] platform eisa.0: EISA: Detected 0 cards
[    3.190791] intel_pstate: CPU model not supported
[    3.190970] input: AT Translated Set 2 keyboard as /devices/platform/i8042/serio0/input/input1
[    3.191030] ledtrig-cpu: registered to indicate activity on CPUs
[    3.191385] intel_pmc_core intel_pmc_core.0:  initialized
[    3.191454] drop_monitor: Initializing network drop monitor service
[    3.192095] NET: Registered protocol family 10
[    3.201591] Segment Routing with IPv6
[    3.201628] NET: Registered protocol family 17
[    3.201859] Key type dns_resolver registered
[    3.202293] RAS: Correctable Errors collector initialized.
[    3.202298] IPI shorthand broadcast: enabled
[    3.202301] sched_clock: Marking stable (3198728964, 3495971)->(3293683526, -91458591)
[    3.202653] registered taskstats version 1
[    3.202658] Loading compiled-in X.509 certificates
[    3.203628] Loaded X.509 cert 'Build time autogenerated kernel key: 9587b8cca0bd5e3ad1c932f4859e23820e37ff94'
[    3.204003] zswap: loaded using pool lzo/zbud
[    3.204506] Key type ._fscrypt registered
[    3.204507] Key type .fscrypt registered
[    3.209886] Key type big_key registered
[    3.212335] Key type encrypted registered
[    3.212337] AppArmor: AppArmor sha1 policy hashing enabled
[    3.212340] ima: No TPM chip found, activating TPM-bypass!
[    3.212343] ima: Allocated hash algorithm: sha1
[    3.212347] ima: No architecture policies found
[    3.212351] evm: Initialising EVM extended attributes:
[    3.212352] evm: security.selinux
[    3.212352] evm: security.SMACK64
[    3.212352] evm: security.SMACK64EXEC
[    3.212352] evm: security.SMACK64TRANSMUTE
[    3.212352] evm: security.SMACK64MMAP
[    3.212353] evm: security.apparmor
[    3.212353] evm: security.ima
[    3.212353] evm: security.capability
[    3.212354] evm: HMAC attrs: 0x1
[    3.214350] PM:   Magic number: 8:375:231
[    3.214493] acpi device:78: hash matches
[    3.214497] acpi device:4b: hash matches
[    3.214667] rtc_cmos 00:01: setting system clock to 2020-10-24T13:13:59 UTC (1603545239)
[    3.330909] Freeing unused decrypted memory: 2040K
[    3.331238] Freeing unused kernel image memory: 2716K
[    3.331242] Write protecting the kernel read-only data: 22528k
[    3.331855] Freeing unused kernel image memory: 2008K
[    3.332162] Freeing unused kernel image memory: 1188K
[    3.342097] x86/mm: Checked W+X mappings: passed, no W+X pages found.
[    3.342102] Run /init as init process
[    3.498007] usb 2-1: new full-speed USB device number 2 using uhci_hcd
[    3.498019] usb 1-1: new high-speed USB device number 2 using ehci-pci
[    3.606529] piix4_smbus 0000:00:07.3: SMBus Host Controller not enabled!
[    3.607592] Fusion MPT base driver 3.04.20
[    3.607593] Copyright (c) 1999-2008 LSI Corporation
[    3.609415] Fusion MPT SPI Host driver 3.04.20
[    3.610247] mptbase: ioc0: Initiating bringup
[    3.613355] e1000: Intel(R) PRO/1000 Network Driver - version 7.3.21-k8-NAPI
[    3.613356] e1000: Copyright (c) 1999-2006 Intel Corporation.
[    3.616928] ahci 0000:02:05.0: version 3.0
[    3.620864] ahci 0000:02:05.0: AHCI 0001.0300 32 slots 30 ports 6 Gbps 0x3fffffff impl SATA mode
[    3.620866] ahci 0000:02:05.0: flags: 64bit ncq clo only 
[    3.636975] input: VirtualPS/2 VMware VMMouse as /devices/platform/i8042/serio1/input/input4
[    3.637599] input: VirtualPS/2 VMware VMMouse as /devices/platform/i8042/serio1/input/input3
[    3.653942] scsi host2: ahci
[    3.657080] usb 2-1: New USB device found, idVendor=0e0f, idProduct=0003, bcdDevice= 1.03
[    3.657081] usb 2-1: New USB device strings: Mfr=1, Product=2, SerialNumber=0
[    3.657083] usb 2-1: Product: VMware Virtual USB Mouse
[    3.657083] usb 2-1: Manufacturer: VMware
[    3.661296] usb 1-1: New USB device found, idVendor=0e0f, idProduct=000b, bcdDevice= 1.00
[    3.661297] usb 1-1: New USB device strings: Mfr=1, Product=2, SerialNumber=0
[    3.661298] usb 1-1: Product: VMware Virtual USB Video Device
[    3.661299] usb 1-1: Manufacturer: VMware, Inc.
[    3.665816] scsi host3: ahci
[    3.676511] scsi host4: ahci
[    3.679441] scsi host5: ahci
[    3.680087] scsi host6: ahci
[    3.680821] scsi host7: ahci
[    3.681697] scsi host8: ahci
[    3.683346] scsi host9: ahci
[    3.684103] scsi host10: ahci
[    3.684920] scsi host11: ahci
[    3.686141] scsi host12: ahci
[    3.686980] scsi host13: ahci
[    3.688238] scsi host14: ahci
[    3.688924] scsi host15: ahci
[    3.689834] scsi host16: ahci
[    3.691005] scsi host17: ahci
[    3.691770] scsi host18: ahci
[    3.693279] scsi host19: ahci
[    3.694448] scsi host20: ahci
[    3.695271] scsi host21: ahci
[    3.696198] scsi host22: ahci
[    3.696999] scsi host23: ahci
[    3.698207] scsi host24: ahci
[    3.698980] scsi host25: ahci
[    3.699682] scsi host26: ahci
[    3.700901] scsi host27: ahci
[    3.701715] scsi host28: ahci
[    3.702963] scsi host29: ahci
[    3.703835] scsi host30: ahci
[    3.704591] scsi host31: ahci
[    3.704894] ata3: SATA max UDMA/133 abar m4096@0xfd5ee000 port 0xfd5ee100 irq 56
[    3.704895] ata4: SATA max UDMA/133 abar m4096@0xfd5ee000 port 0xfd5ee180 irq 56
[    3.704896] ata5: SATA max UDMA/133 abar m4096@0xfd5ee000 port 0xfd5ee200 irq 56
[    3.704897] ata6: SATA max UDMA/133 abar m4096@0xfd5ee000 port 0xfd5ee280 irq 56
[    3.704897] ata7: SATA max UDMA/133 abar m4096@0xfd5ee000 port 0xfd5ee300 irq 56
[    3.704898] ata8: SATA max UDMA/133 abar m4096@0xfd5ee000 port 0xfd5ee380 irq 56
[    3.704898] ata9: SATA max UDMA/133 abar m4096@0xfd5ee000 port 0xfd5ee400 irq 56
[    3.704899] ata10: SATA max UDMA/133 abar m4096@0xfd5ee000 port 0xfd5ee480 irq 56
[    3.704899] ata11: SATA max UDMA/133 abar m4096@0xfd5ee000 port 0xfd5ee500 irq 56
[    3.704900] ata12: SATA max UDMA/133 abar m4096@0xfd5ee000 port 0xfd5ee580 irq 56
[    3.704900] ata13: SATA max UDMA/133 abar m4096@0xfd5ee000 port 0xfd5ee600 irq 56
[    3.704901] ata14: SATA max UDMA/133 abar m4096@0xfd5ee000 port 0xfd5ee680 irq 56
[    3.704901] ata15: SATA max UDMA/133 abar m4096@0xfd5ee000 port 0xfd5ee700 irq 56
[    3.704901] ata16: SATA max UDMA/133 abar m4096@0xfd5ee000 port 0xfd5ee780 irq 56
[    3.704902] ata17: SATA max UDMA/133 abar m4096@0xfd5ee000 port 0xfd5ee800 irq 56
[    3.704902] ata18: SATA max UDMA/133 abar m4096@0xfd5ee000 port 0xfd5ee880 irq 56
[    3.704903] ata19: SATA max UDMA/133 abar m4096@0xfd5ee000 port 0xfd5ee900 irq 56
[    3.704903] ata20: SATA max UDMA/133 abar m4096@0xfd5ee000 port 0xfd5ee980 irq 56
[    3.704904] ata21: SATA max UDMA/133 abar m4096@0xfd5ee000 port 0xfd5eea00 irq 56
[    3.704904] ata22: SATA max UDMA/133 abar m4096@0xfd5ee000 port 0xfd5eea80 irq 56
[    3.704905] ata23: SATA max UDMA/133 abar m4096@0xfd5ee000 port 0xfd5eeb00 irq 56
[    3.704905] ata24: SATA max UDMA/133 abar m4096@0xfd5ee000 port 0xfd5eeb80 irq 56
[    3.704906] ata25: SATA max UDMA/133 abar m4096@0xfd5ee000 port 0xfd5eec00 irq 56
[    3.704906] ata26: SATA max UDMA/133 abar m4096@0xfd5ee000 port 0xfd5eec80 irq 56
[    3.704907] ata27: SATA max UDMA/133 abar m4096@0xfd5ee000 port 0xfd5eed00 irq 56
[    3.704907] ata28: SATA max UDMA/133 abar m4096@0xfd5ee000 port 0xfd5eed80 irq 56
[    3.704908] ata29: SATA max UDMA/133 abar m4096@0xfd5ee000 port 0xfd5eee00 irq 56
[    3.704909] ata30: SATA max UDMA/133 abar m4096@0xfd5ee000 port 0xfd5eee80 irq 56
[    3.704909] ata31: SATA max UDMA/133 abar m4096@0xfd5ee000 port 0xfd5eef00 irq 56
[    3.704910] ata32: SATA max UDMA/133 abar m4096@0xfd5ee000 port 0xfd5eef80 irq 56
[    3.730807] ioc0: LSI53C1030 B0: Capabilities={Initiator}
[    3.790250] usb 2-2: new full-speed USB device number 3 using uhci_hcd
[    3.948113] usb 2-2: New USB device found, idVendor=0e0f, idProduct=0002, bcdDevice= 1.00
[    3.948114] usb 2-2: New USB device strings: Mfr=1, Product=2, SerialNumber=0
